<?xml version="1.0" encoding="ISO-8859-1" ?>
<link_info>
   <banner>MSP430 Linker Unix v18.1.4.LTS</banner>
   <copyright>Copyright (c) 2003-2018 Texas Instruments Incorporated</copyright>
   <link_time>0x5c9ac7c5</link_time>
   <link_errors>0x0</link_errors>
   <output_file>f5529ppy_bit.out</output_file>
   <entry_point>
      <name>_c_int00_noargs</name>
      <address>0x4400</address>
   </entry_point>
   <input_file_list>
      <input_file id="fl-2">
         <path>./</path>
         <kind>object</kind>
         <file>f5529ppy_bit.obj</file>
         <name>f5529ppy_bit.obj</name>
      </input_file>
      <input_file id="fl-3">
         <path>./</path>
         <kind>object</kind>
         <file>main.obj</file>
         <name>main.obj</name>
      </input_file>
      <input_file id="fl-4">
         <path>./EmbeddedSoftware/</path>
         <kind>object</kind>
         <file>buffer.obj</file>
         <name>buffer.obj</name>
      </input_file>
      <input_file id="fl-5">
         <path>./EmbeddedSoftware/</path>
         <kind>object</kind>
         <file>buffer_printf.obj</file>
         <name>buffer_printf.obj</name>
      </input_file>
      <input_file id="fl-6">
         <path>./EmbeddedSoftware/</path>
         <kind>object</kind>
         <file>game.obj</file>
         <name>game.obj</name>
      </input_file>
      <input_file id="fl-7">
         <path>./EmbeddedSoftware/</path>
         <kind>object</kind>
         <file>hal_uart.obj</file>
         <name>hal_uart.obj</name>
      </input_file>
      <input_file id="fl-8">
         <path>./EmbeddedSoftware/</path>
         <kind>object</kind>
         <file>list.obj</file>
         <name>list.obj</name>
      </input_file>
      <input_file id="fl-9">
         <path>./EmbeddedSoftware/</path>
         <kind>object</kind>
         <file>random_int.obj</file>
         <name>random_int.obj</name>
      </input_file>
      <input_file id="fl-a">
         <path>./EmbeddedSoftware/</path>
         <kind>object</kind>
         <file>subsystem.obj</file>
         <name>subsystem.obj</name>
      </input_file>
      <input_file id="fl-b">
         <path>./EmbeddedSoftware/</path>
         <kind>object</kind>
         <file>task.obj</file>
         <name>task.obj</name>
      </input_file>
      <input_file id="fl-c">
         <path>./EmbeddedSoftware/</path>
         <kind>object</kind>
         <file>terminal.obj</file>
         <name>terminal.obj</name>
      </input_file>
      <input_file id="fl-d">
         <path>./EmbeddedSoftware/</path>
         <kind>object</kind>
         <file>timing.obj</file>
         <name>timing.obj</name>
      </input_file>
      <input_file id="fl-e">
         <path>./EmbeddedSoftware/</path>
         <kind>object</kind>
         <file>uart.obj</file>
         <name>uart.obj</name>
      </input_file>
      <input_file id="fl-14">
         <kind>object</kind>
         <file>&lt;internal&gt;</file>
         <name>&lt;internal&gt;</name>
      </input_file>
      <input_file id="fl-2f">
         <path>/opt/ccstudio/ccsv8/tools/compiler/ti-cgt-msp430_18.1.4.LTS/lib/</path>
         <kind>archive</kind>
         <file>rts430x_lc_rd_eabi.lib</file>
         <name>div16s.asm.obj</name>
      </input_file>
      <input_file id="fl-30">
         <path>/opt/ccstudio/ccsv8/tools/compiler/ti-cgt-msp430_18.1.4.LTS/lib/</path>
         <kind>archive</kind>
         <file>rts430x_lc_rd_eabi.lib</file>
         <name>div16u.asm.obj</name>
      </input_file>
      <input_file id="fl-31">
         <path>/opt/ccstudio/ccsv8/tools/compiler/ti-cgt-msp430_18.1.4.LTS/lib/</path>
         <kind>archive</kind>
         <file>rts430x_lc_rd_eabi.lib</file>
         <name>div32s.asm.obj</name>
      </input_file>
      <input_file id="fl-32">
         <path>/opt/ccstudio/ccsv8/tools/compiler/ti-cgt-msp430_18.1.4.LTS/lib/</path>
         <kind>archive</kind>
         <file>rts430x_lc_rd_eabi.lib</file>
         <name>div32u.asm.obj</name>
      </input_file>
      <input_file id="fl-33">
         <path>/opt/ccstudio/ccsv8/tools/compiler/ti-cgt-msp430_18.1.4.LTS/lib/</path>
         <kind>archive</kind>
         <file>rts430x_lc_rd_eabi.lib</file>
         <name>fs_mpy.asm.obj</name>
      </input_file>
      <input_file id="fl-34">
         <path>/opt/ccstudio/ccsv8/tools/compiler/ti-cgt-msp430_18.1.4.LTS/lib/</path>
         <kind>archive</kind>
         <file>rts430x_lc_rd_eabi.lib</file>
         <name>fs_toi.asm.obj</name>
      </input_file>
      <input_file id="fl-35">
         <path>/opt/ccstudio/ccsv8/tools/compiler/ti-cgt-msp430_18.1.4.LTS/lib/</path>
         <kind>archive</kind>
         <file>rts430x_lc_rd_eabi.lib</file>
         <name>fs_tol.asm.obj</name>
      </input_file>
      <input_file id="fl-36">
         <path>/opt/ccstudio/ccsv8/tools/compiler/ti-cgt-msp430_18.1.4.LTS/lib/</path>
         <kind>archive</kind>
         <file>rts430x_lc_rd_eabi.lib</file>
         <name>int41.asm.obj</name>
      </input_file>
      <input_file id="fl-37">
         <path>/opt/ccstudio/ccsv8/tools/compiler/ti-cgt-msp430_18.1.4.LTS/lib/</path>
         <kind>archive</kind>
         <file>rts430x_lc_rd_eabi.lib</file>
         <name>int42.asm.obj</name>
      </input_file>
      <input_file id="fl-38">
         <path>/opt/ccstudio/ccsv8/tools/compiler/ti-cgt-msp430_18.1.4.LTS/lib/</path>
         <kind>archive</kind>
         <file>rts430x_lc_rd_eabi.lib</file>
         <name>int43.asm.obj</name>
      </input_file>
      <input_file id="fl-39">
         <path>/opt/ccstudio/ccsv8/tools/compiler/ti-cgt-msp430_18.1.4.LTS/lib/</path>
         <kind>archive</kind>
         <file>rts430x_lc_rd_eabi.lib</file>
         <name>int44.asm.obj</name>
      </input_file>
      <input_file id="fl-3a">
         <path>/opt/ccstudio/ccsv8/tools/compiler/ti-cgt-msp430_18.1.4.LTS/lib/</path>
         <kind>archive</kind>
         <file>rts430x_lc_rd_eabi.lib</file>
         <name>int45.asm.obj</name>
      </input_file>
      <input_file id="fl-3b">
         <path>/opt/ccstudio/ccsv8/tools/compiler/ti-cgt-msp430_18.1.4.LTS/lib/</path>
         <kind>archive</kind>
         <file>rts430x_lc_rd_eabi.lib</file>
         <name>int47.asm.obj</name>
      </input_file>
      <input_file id="fl-3c">
         <path>/opt/ccstudio/ccsv8/tools/compiler/ti-cgt-msp430_18.1.4.LTS/lib/</path>
         <kind>archive</kind>
         <file>rts430x_lc_rd_eabi.lib</file>
         <name>int48.asm.obj</name>
      </input_file>
      <input_file id="fl-3d">
         <path>/opt/ccstudio/ccsv8/tools/compiler/ti-cgt-msp430_18.1.4.LTS/lib/</path>
         <kind>archive</kind>
         <file>rts430x_lc_rd_eabi.lib</file>
         <name>int49.asm.obj</name>
      </input_file>
      <input_file id="fl-3e">
         <path>/opt/ccstudio/ccsv8/tools/compiler/ti-cgt-msp430_18.1.4.LTS/lib/</path>
         <kind>archive</kind>
         <file>rts430x_lc_rd_eabi.lib</file>
         <name>int50.asm.obj</name>
      </input_file>
      <input_file id="fl-3f">
         <path>/opt/ccstudio/ccsv8/tools/compiler/ti-cgt-msp430_18.1.4.LTS/lib/</path>
         <kind>archive</kind>
         <file>rts430x_lc_rd_eabi.lib</file>
         <name>int51.asm.obj</name>
      </input_file>
      <input_file id="fl-40">
         <path>/opt/ccstudio/ccsv8/tools/compiler/ti-cgt-msp430_18.1.4.LTS/lib/</path>
         <kind>archive</kind>
         <file>rts430x_lc_rd_eabi.lib</file>
         <name>int52.asm.obj</name>
      </input_file>
      <input_file id="fl-41">
         <path>/opt/ccstudio/ccsv8/tools/compiler/ti-cgt-msp430_18.1.4.LTS/lib/</path>
         <kind>archive</kind>
         <file>rts430x_lc_rd_eabi.lib</file>
         <name>int54.asm.obj</name>
      </input_file>
      <input_file id="fl-42">
         <path>/opt/ccstudio/ccsv8/tools/compiler/ti-cgt-msp430_18.1.4.LTS/lib/</path>
         <kind>archive</kind>
         <file>rts430x_lc_rd_eabi.lib</file>
         <name>int55.asm.obj</name>
      </input_file>
      <input_file id="fl-43">
         <path>/opt/ccstudio/ccsv8/tools/compiler/ti-cgt-msp430_18.1.4.LTS/lib/</path>
         <kind>archive</kind>
         <file>rts430x_lc_rd_eabi.lib</file>
         <name>int56.asm.obj</name>
      </input_file>
      <input_file id="fl-44">
         <path>/opt/ccstudio/ccsv8/tools/compiler/ti-cgt-msp430_18.1.4.LTS/lib/</path>
         <kind>archive</kind>
         <file>rts430x_lc_rd_eabi.lib</file>
         <name>int57.asm.obj</name>
      </input_file>
      <input_file id="fl-45">
         <path>/opt/ccstudio/ccsv8/tools/compiler/ti-cgt-msp430_18.1.4.LTS/lib/</path>
         <kind>archive</kind>
         <file>rts430x_lc_rd_eabi.lib</file>
         <name>int58.asm.obj</name>
      </input_file>
      <input_file id="fl-46">
         <path>/opt/ccstudio/ccsv8/tools/compiler/ti-cgt-msp430_18.1.4.LTS/lib/</path>
         <kind>archive</kind>
         <file>rts430x_lc_rd_eabi.lib</file>
         <name>int59.asm.obj</name>
      </input_file>
      <input_file id="fl-47">
         <path>/opt/ccstudio/ccsv8/tools/compiler/ti-cgt-msp430_18.1.4.LTS/lib/</path>
         <kind>archive</kind>
         <file>rts430x_lc_rd_eabi.lib</file>
         <name>int60.asm.obj</name>
      </input_file>
      <input_file id="fl-48">
         <path>/opt/ccstudio/ccsv8/tools/compiler/ti-cgt-msp430_18.1.4.LTS/lib/</path>
         <kind>archive</kind>
         <file>rts430x_lc_rd_eabi.lib</file>
         <name>int61.asm.obj</name>
      </input_file>
      <input_file id="fl-49">
         <path>/opt/ccstudio/ccsv8/tools/compiler/ti-cgt-msp430_18.1.4.LTS/lib/</path>
         <kind>archive</kind>
         <file>rts430x_lc_rd_eabi.lib</file>
         <name>int62.asm.obj</name>
      </input_file>
      <input_file id="fl-4a">
         <path>/opt/ccstudio/ccsv8/tools/compiler/ti-cgt-msp430_18.1.4.LTS/lib/</path>
         <kind>archive</kind>
         <file>rts430x_lc_rd_eabi.lib</file>
         <name>isr_trap.asm.obj</name>
      </input_file>
      <input_file id="fl-4b">
         <path>/opt/ccstudio/ccsv8/tools/compiler/ti-cgt-msp430_18.1.4.LTS/lib/</path>
         <kind>archive</kind>
         <file>rts430x_lc_rd_eabi.lib</file>
         <name>lsl16.asm.obj</name>
      </input_file>
      <input_file id="fl-4c">
         <path>/opt/ccstudio/ccsv8/tools/compiler/ti-cgt-msp430_18.1.4.LTS/lib/</path>
         <kind>archive</kind>
         <file>rts430x_lc_rd_eabi.lib</file>
         <name>lsr32.asm.obj</name>
      </input_file>
      <input_file id="fl-4d">
         <path>/opt/ccstudio/ccsv8/tools/compiler/ti-cgt-msp430_18.1.4.LTS/lib/</path>
         <kind>archive</kind>
         <file>rts430x_lc_rd_eabi.lib</file>
         <name>mult16.asm.obj</name>
      </input_file>
      <input_file id="fl-4e">
         <path>/opt/ccstudio/ccsv8/tools/compiler/ti-cgt-msp430_18.1.4.LTS/lib/</path>
         <kind>archive</kind>
         <file>rts430x_lc_rd_eabi.lib</file>
         <name>mult16_f5hw.asm.obj</name>
      </input_file>
      <input_file id="fl-4f">
         <path>/opt/ccstudio/ccsv8/tools/compiler/ti-cgt-msp430_18.1.4.LTS/lib/</path>
         <kind>archive</kind>
         <file>rts430x_lc_rd_eabi.lib</file>
         <name>mult1632_f5hw.asm.obj</name>
      </input_file>
      <input_file id="fl-50">
         <path>/opt/ccstudio/ccsv8/tools/compiler/ti-cgt-msp430_18.1.4.LTS/lib/</path>
         <kind>archive</kind>
         <file>rts430x_lc_rd_eabi.lib</file>
         <name>mult32.asm.obj</name>
      </input_file>
      <input_file id="fl-51">
         <path>/opt/ccstudio/ccsv8/tools/compiler/ti-cgt-msp430_18.1.4.LTS/lib/</path>
         <kind>archive</kind>
         <file>rts430x_lc_rd_eabi.lib</file>
         <name>mult32_f5hw.asm.obj</name>
      </input_file>
      <input_file id="fl-52">
         <path>/opt/ccstudio/ccsv8/tools/compiler/ti-cgt-msp430_18.1.4.LTS/lib/</path>
         <kind>archive</kind>
         <file>rts430x_lc_rd_eabi.lib</file>
         <name>mult3264_f5hw.asm.obj</name>
      </input_file>
      <input_file id="fl-53">
         <path>/opt/ccstudio/ccsv8/tools/compiler/ti-cgt-msp430_18.1.4.LTS/lib/</path>
         <kind>archive</kind>
         <file>rts430x_lc_rd_eabi.lib</file>
         <name>mult64_f5hw.asm.obj</name>
      </input_file>
      <input_file id="fl-54">
         <path>/opt/ccstudio/ccsv8/tools/compiler/ti-cgt-msp430_18.1.4.LTS/lib/</path>
         <kind>archive</kind>
         <file>rts430x_lc_rd_eabi.lib</file>
         <name>boot.c.obj</name>
      </input_file>
      <input_file id="fl-55">
         <path>/opt/ccstudio/ccsv8/tools/compiler/ti-cgt-msp430_18.1.4.LTS/lib/</path>
         <kind>archive</kind>
         <file>rts430x_lc_rd_eabi.lib</file>
         <name>autoinit.c.obj</name>
      </input_file>
      <input_file id="fl-56">
         <path>/opt/ccstudio/ccsv8/tools/compiler/ti-cgt-msp430_18.1.4.LTS/lib/</path>
         <kind>archive</kind>
         <file>rts430x_lc_rd_eabi.lib</file>
         <name>copy_zero_init.c.obj</name>
      </input_file>
      <input_file id="fl-57">
         <path>/opt/ccstudio/ccsv8/tools/compiler/ti-cgt-msp430_18.1.4.LTS/lib/</path>
         <kind>archive</kind>
         <file>rts430x_lc_rd_eabi.lib</file>
         <name>cpy_tbl.c.obj</name>
      </input_file>
      <input_file id="fl-58">
         <path>/opt/ccstudio/ccsv8/tools/compiler/ti-cgt-msp430_18.1.4.LTS/lib/</path>
         <kind>archive</kind>
         <file>rts430x_lc_rd_eabi.lib</file>
         <name>mpu_init.c.obj</name>
      </input_file>
      <input_file id="fl-59">
         <path>/opt/ccstudio/ccsv8/tools/compiler/ti-cgt-msp430_18.1.4.LTS/lib/</path>
         <kind>archive</kind>
         <file>rts430x_lc_rd_eabi.lib</file>
         <name>pre_init.c.obj</name>
      </input_file>
      <input_file id="fl-5a">
         <path>/opt/ccstudio/ccsv8/tools/compiler/ti-cgt-msp430_18.1.4.LTS/lib/</path>
         <kind>archive</kind>
         <file>rts430x_lc_rd_eabi.lib</file>
         <name>startup.c.obj</name>
      </input_file>
      <input_file id="fl-5b">
         <path>/opt/ccstudio/ccsv8/tools/compiler/ti-cgt-msp430_18.1.4.LTS/lib/</path>
         <kind>archive</kind>
         <file>rts430x_lc_rd_eabi.lib</file>
         <name>copy_decompress_none.c.obj</name>
      </input_file>
      <input_file id="fl-5c">
         <path>/opt/ccstudio/ccsv8/tools/compiler/ti-cgt-msp430_18.1.4.LTS/lib/</path>
         <kind>archive</kind>
         <file>rts430x_lc_rd_eabi.lib</file>
         <name>copy_decompress_lzss.c.obj</name>
      </input_file>
      <input_file id="fl-5d">
         <path>/opt/ccstudio/ccsv8/tools/compiler/ti-cgt-msp430_18.1.4.LTS/lib/</path>
         <kind>archive</kind>
         <file>rts430x_lc_rd_eabi.lib</file>
         <name>cvtdf.c.obj</name>
      </input_file>
      <input_file id="fl-5e">
         <path>/opt/ccstudio/ccsv8/tools/compiler/ti-cgt-msp430_18.1.4.LTS/lib/</path>
         <kind>archive</kind>
         <file>rts430x_lc_rd_eabi.lib</file>
         <name>exit.c.obj</name>
      </input_file>
      <input_file id="fl-5f">
         <path>/opt/ccstudio/ccsv8/tools/compiler/ti-cgt-msp430_18.1.4.LTS/lib/</path>
         <kind>archive</kind>
         <file>rts430x_lc_rd_eabi.lib</file>
         <name>_lock.c.obj</name>
      </input_file>
      <input_file id="fl-60">
         <path>/opt/ccstudio/ccsv8/tools/compiler/ti-cgt-msp430_18.1.4.LTS/lib/</path>
         <kind>archive</kind>
         <file>rts430x_lc_rd_eabi.lib</file>
         <name>args_main.c.obj</name>
      </input_file>
      <input_file id="fl-61">
         <path>/opt/ccstudio/ccsv8/tools/compiler/ti-cgt-msp430_18.1.4.LTS/lib/</path>
         <kind>archive</kind>
         <file>rts430x_lc_rd_eabi.lib</file>
         <name>memcpy.c.obj</name>
      </input_file>
      <input_file id="fl-62">
         <path>/opt/ccstudio/ccsv8/tools/compiler/ti-cgt-msp430_18.1.4.LTS/lib/</path>
         <kind>archive</kind>
         <file>rts430x_lc_rd_eabi.lib</file>
         <name>rand.c.obj</name>
      </input_file>
      <input_file id="fl-63">
         <path>/opt/ccstudio/ccsv8/tools/compiler/ti-cgt-msp430_18.1.4.LTS/lib/</path>
         <kind>archive</kind>
         <file>rts430x_lc_rd_eabi.lib</file>
         <name>strcasecmp.c.obj</name>
      </input_file>
      <input_file id="fl-64">
         <path>/opt/ccstudio/ccsv8/tools/compiler/ti-cgt-msp430_18.1.4.LTS/lib/</path>
         <kind>archive</kind>
         <file>rts430x_lc_rd_eabi.lib</file>
         <name>strlen.c.obj</name>
      </input_file>
      <input_file id="fl-65">
         <path>/opt/ccstudio/ccsv8/tools/compiler/ti-cgt-msp430_18.1.4.LTS/lib/</path>
         <kind>archive</kind>
         <file>rts430x_lc_rd_eabi.lib</file>
         <name>tolower.c.obj</name>
      </input_file>
      <input_file id="fl-66">
         <path>/opt/ccstudio/ccsv8/tools/compiler/ti-cgt-msp430_18.1.4.LTS/lib/</path>
         <kind>archive</kind>
         <file>rts430x_lc_rd_eabi.lib</file>
         <name>lsl32.asm.obj</name>
      </input_file>
      <input_file id="fl-67">
         <path>/opt/ccstudio/ccsv8/tools/compiler/ti-cgt-msp430_18.1.4.LTS/lib/</path>
         <kind>archive</kind>
         <file>rts430x_lc_rd_eabi.lib</file>
         <name>exit_gvars.c.obj</name>
      </input_file>
      <input_file id="fl-68">
         <path>/opt/ccstudio/ccsv8/tools/compiler/ti-cgt-msp430_18.1.4.LTS/lib/</path>
         <kind>archive</kind>
         <file>rts430x_lc_rd_eabi.lib</file>
         <name>lsr64.c.obj</name>
      </input_file>
      <input_file id="fl-69">
         <path>/opt/ccstudio/ccsv8/tools/compiler/ti-cgt-msp430_18.1.4.LTS/lib/</path>
         <kind>archive</kind>
         <file>rts430x_lc_rd_eabi.lib</file>
         <name>ctype.c.obj</name>
      </input_file>
   </input_file_list>
   <object_component_list>
      <object_component id="oc-67f">
         <name>.bss:enemies</name>
         <uninitialized>true</uninitialized>
         <run_address>0x2e82</run_address>
         <size>0x18</size>
         <input_file_ref idref="fl-2"/>
      </object_component>
      <object_component id="oc-59b">
         <name>.bss:game</name>
         <uninitialized>true</uninitialized>
         <run_address>0x2e9a</run_address>
         <size>0x14</size>
         <input_file_ref idref="fl-2"/>
      </object_component>
      <object_component id="oc-8f5">
         <name>.bss:receive_buffer</name>
         <uninitialized>true</uninitialized>
         <run_address>0x2d96</run_address>
         <size>0x40</size>
         <input_file_ref idref="fl-a"/>
      </object_component>
      <object_component id="oc-8f4">
         <name>.bss</name>
         <uninitialized>true</uninitialized>
         <run_address>0x2eca</run_address>
         <size>0x2</size>
         <input_file_ref idref="fl-a"/>
      </object_component>
      <object_component id="oc-6c0">
         <name>.common:games</name>
         <uninitialized>true</uninitialized>
         <run_address>0x2720</run_address>
         <size>0x30c</size>
      </object_component>
      <object_component id="oc-7c5">
         <name>.common:game_id</name>
         <uninitialized>true</uninitialized>
         <run_address>0x2ecd</run_address>
         <size>0x1</size>
      </object_component>
      <object_component id="oc-5ab">
         <name>.common:sys</name>
         <uninitialized>true</uninitialized>
         <run_address>0x2c84</run_address>
         <size>0x92</size>
      </object_component>
      <object_component id="oc-540">
         <name>.common:task_list_array</name>
         <uninitialized>true</uninitialized>
         <run_address>0x2400</run_address>
         <size>0x320</size>
      </object_component>
      <object_component id="oc-53c">
         <name>.common:task_list_links</name>
         <uninitialized>true</uninitialized>
         <run_address>0x2a2c</run_address>
         <size>0x258</size>
      </object_component>
      <object_component id="oc-53f">
         <name>.common:task_list</name>
         <uninitialized>true</uninitialized>
         <run_address>0x2dd6</run_address>
         <size>0x30</size>
      </object_component>
      <object_component id="oc-55f">
         <name>.common:idle_task</name>
         <uninitialized>true</uninitialized>
         <run_address>0x2ebe</run_address>
         <size>0x4</size>
      </object_component>
      <object_component id="oc-40b">
         <name>.common:time_ms</name>
         <uninitialized>true</uninitialized>
         <run_address>0x2ec6</run_address>
         <size>0x4</size>
      </object_component>
      <object_component id="oc-620">
         <name>.common:rollover_time</name>
         <uninitialized>true</uninitialized>
         <run_address>0x2ec2</run_address>
         <size>0x4</size>
      </object_component>
      <object_component id="oc-57b">
         <name>.common:rx1</name>
         <uninitialized>true</uninitialized>
         <run_address>0x2e4a</run_address>
         <size>0x1c</size>
      </object_component>
      <object_component id="oc-583">
         <name>.common:tx1</name>
         <uninitialized>true</uninitialized>
         <run_address>0x2e66</run_address>
         <size>0x1c</size>
      </object_component>
      <object_component id="oc-584">
         <name>.common:tx_buffer_array1</name>
         <uninitialized>true</uninitialized>
         <run_address>0x2d16</run_address>
         <size>0x80</size>
      </object_component>
      <object_component id="oc-57c">
         <name>.common:rx_buffer_array1</name>
         <uninitialized>true</uninitialized>
         <run_address>0x2e2a</run_address>
         <size>0x20</size>
      </object_component>
      <object_component id="oc-585">
         <name>.common:receiverList1</name>
         <uninitialized>true</uninitialized>
         <run_address>0x2eae</run_address>
         <size>0x8</size>
      </object_component>
      <object_component id="oc-586">
         <name>.common:receiver_array1</name>
         <uninitialized>true</uninitialized>
         <run_address>0x2eb6</run_address>
         <size>0x8</size>
      </object_component>
      <object_component id="oc-447">
         <name>.common:uart</name>
         <uninitialized>true</uninitialized>
         <run_address>0x2e06</run_address>
         <size>0x24</size>
      </object_component>
      <object_component id="oc-45b">
         <name>.common:rx_flags</name>
         <uninitialized>true</uninitialized>
         <run_address>0x2ece</run_address>
         <size>0x1</size>
      </object_component>
      <object_component id="oc-574">
         <name>.common:error_flags</name>
         <uninitialized>true</uninitialized>
         <run_address>0x2ecc</run_address>
         <size>0x1</size>
      </object_component>
      <object_component id="oc-6ba">
         <name>.data</name>
         <load_address>0x2eec</load_address>
         <run_address>0x2eec</run_address>
         <size>0x4</size>
         <input_file_ref idref="fl-6"/>
      </object_component>
      <object_component id="oc-89a">
         <name>.data</name>
         <load_address>0x2ef8</load_address>
         <run_address>0x2ef8</run_address>
         <size>0x2</size>
         <input_file_ref idref="fl-8"/>
      </object_component>
      <object_component id="oc-855">
         <name>.data</name>
         <load_address>0x2efa</load_address>
         <run_address>0x2efa</run_address>
         <size>0x1</size>
         <input_file_ref idref="fl-9"/>
      </object_component>
      <object_component id="oc-887">
         <name>.data:log_level_str</name>
         <load_address>0x2ed0</load_address>
         <run_address>0x2ed0</run_address>
         <size>0x14</size>
         <input_file_ref idref="fl-a"/>
      </object_component>
      <object_component id="oc-8c2">
         <name>.data</name>
         <load_address>0x2ef4</load_address>
         <run_address>0x2ef4</run_address>
         <size>0x4</size>
         <input_file_ref idref="fl-a"/>
      </object_component>
      <object_component id="oc-535">
         <name>.data</name>
         <load_address>0x2efb</load_address>
         <run_address>0x2efb</run_address>
         <size>0x1</size>
         <input_file_ref idref="fl-b"/>
      </object_component>
      <object_component id="oc-61f">
         <name>.data</name>
         <load_address>0x2efc</load_address>
         <run_address>0x2efc</run_address>
         <size>0x1</size>
         <input_file_ref idref="fl-d"/>
      </object_component>
      <object_component id="oc-56d">
         <name>.data</name>
         <load_address>0x2efd</load_address>
         <run_address>0x2efd</run_address>
         <size>0x1</size>
         <input_file_ref idref="fl-e"/>
      </object_component>
      <object_component id="oc-5e5">
         <name>.data:_lock</name>
         <load_address>0x2ee4</load_address>
         <run_address>0x2ee4</run_address>
         <size>0x4</size>
         <input_file_ref idref="fl-5f"/>
      </object_component>
      <object_component id="oc-5ee">
         <name>.data:_unlock</name>
         <load_address>0x2ee8</load_address>
         <run_address>0x2ee8</run_address>
         <size>0x4</size>
         <input_file_ref idref="fl-5f"/>
      </object_component>
      <object_component id="oc-8a2">
         <name>.data</name>
         <load_address>0x2ef0</load_address>
         <run_address>0x2ef0</run_address>
         <size>0x4</size>
         <input_file_ref idref="fl-62"/>
      </object_component>
      <object_component id="oc-37d">
         <name>.stack</name>
         <uninitialized>true</uninitialized>
         <run_address>0x4360</run_address>
         <size>0x4</size>
         <input_file_ref idref="fl-54"/>
      </object_component>
      <object_component id="oc-979">
         <name>.stack</name>
         <uninitialized>true</uninitialized>
         <run_address>0x4360</run_address>
         <size>0x0</size>
      </object_component>
      <object_component id="oc-8c6">
         <name>.text:SystemCallback</name>
         <load_address>0x10000</load_address>
         <run_address>0x10000</run_address>
         <size>0x254</size>
         <input_file_ref idref="fl-a"/>
      </object_component>
      <object_component id="oc-575">
         <name>.text:hal_UART_Init</name>
         <load_address>0x10254</load_address>
         <run_address>0x10254</run_address>
         <size>0x200</size>
         <input_file_ref idref="fl-7"/>
      </object_component>
      <object_component id="oc-7b9">
         <name>.text:Game_Callback</name>
         <load_address>0x10454</load_address>
         <run_address>0x10454</run_address>
         <size>0x1e6</size>
         <input_file_ref idref="fl-6"/>
      </object_component>
      <object_component id="oc-5af">
         <name>.text:Buffer_vprintf</name>
         <load_address>0x1063a</load_address>
         <run_address>0x1063a</run_address>
         <size>0x1d4</size>
         <input_file_ref idref="fl-5"/>
      </object_component>
      <object_component id="oc-79e">
         <name>.text:MoveDownEnemy</name>
         <load_address>0x1080e</load_address>
         <run_address>0x1080e</run_address>
         <size>0x1ba</size>
         <input_file_ref idref="fl-2"/>
      </object_component>
      <object_component id="oc-56e">
         <name>.text:UART_Tick</name>
         <load_address>0x109c8</load_address>
         <run_address>0x109c8</run_address>
         <size>0x1a0</size>
         <input_file_ref idref="fl-e"/>
      </object_component>
      <object_component id="oc-8f8">
         <name>.text:ProcessMsg</name>
         <load_address>0x10b68</load_address>
         <run_address>0x10b68</run_address>
         <size>0x134</size>
         <input_file_ref idref="fl-a"/>
      </object_component>
      <object_component id="oc-719">
         <name>.text:Link</name>
         <load_address>0x10c9c</load_address>
         <run_address>0x10c9c</run_address>
         <size>0x118</size>
         <input_file_ref idref="fl-8"/>
      </object_component>
      <object_component id="oc-722">
         <name>.text:Unlink</name>
         <load_address>0x10db4</load_address>
         <run_address>0x10db4</run_address>
         <size>0xf8</size>
         <input_file_ref idref="fl-8"/>
      </object_component>
      <object_component id="oc-6a0">
         <name>.text:SendEnemy</name>
         <load_address>0x10eac</load_address>
         <run_address>0x10eac</run_address>
         <size>0xc2</size>
         <input_file_ref idref="fl-2"/>
      </object_component>
      <object_component id="oc-5da">
         <name>.text:List_LinkItem</name>
         <load_address>0x10f6e</load_address>
         <run_address>0x10f6e</run_address>
         <size>0xbe</size>
         <input_file_ref idref="fl-8"/>
      </object_component>
      <object_component id="oc-4bc">
         <name>.text:SystemTick</name>
         <load_address>0x1102c</load_address>
         <run_address>0x1102c</run_address>
         <size>0xb8</size>
         <input_file_ref idref="fl-b"/>
      </object_component>
      <object_component id="oc-807">
         <name>.text</name>
         <load_address>0x110e4</load_address>
         <run_address>0x110e4</run_address>
         <size>0xb8</size>
         <input_file_ref idref="fl-33"/>
      </object_component>
      <object_component id="oc-6e0">
         <name>.text:Buffer_HexN</name>
         <load_address>0x1119c</load_address>
         <run_address>0x1119c</run_address>
         <size>0xb4</size>
         <input_file_ref idref="fl-5"/>
      </object_component>
      <object_component id="oc-679">
         <name>.text:Game_DrawRect</name>
         <load_address>0x11250</load_address>
         <run_address>0x11250</run_address>
         <size>0xb0</size>
         <input_file_ref idref="fl-6"/>
      </object_component>
      <object_component id="oc-682">
         <name>.text:UpdateCharBits</name>
         <load_address>0x11300</load_address>
         <run_address>0x11300</run_address>
         <size>0xaa</size>
         <input_file_ref idref="fl-2"/>
      </object_component>
      <object_component id="oc-5bc">
         <name>.text:List_Link</name>
         <load_address>0x113aa</load_address>
         <run_address>0x113aa</run_address>
         <size>0xa8</size>
         <input_file_ref idref="fl-8"/>
      </object_component>
      <object_component id="oc-589">
         <name>.text:Play</name>
         <load_address>0x11452</load_address>
         <run_address>0x11452</run_address>
         <size>0xa0</size>
         <input_file_ref idref="fl-2"/>
      </object_component>
      <object_component id="oc-824">
         <name>.text:FindUnusedLink</name>
         <load_address>0x114f2</load_address>
         <run_address>0x114f2</run_address>
         <size>0x9e</size>
         <input_file_ref idref="fl-8"/>
      </object_component>
      <object_component id="oc-4a3">
         <name>.text:UART_Init</name>
         <load_address>0x11590</load_address>
         <run_address>0x11590</run_address>
         <size>0x9e</size>
         <input_file_ref idref="fl-e"/>
      </object_component>
      <object_component id="oc-70a">
         <name>.text:Buffer_Float</name>
         <load_address>0x1162e</load_address>
         <run_address>0x1162e</run_address>
         <size>0x9c</size>
         <input_file_ref idref="fl-5"/>
      </object_component>
      <object_component id="oc-8dd">
         <name>.text:UART_UnregisterReceiver</name>
         <load_address>0x116ca</load_address>
         <run_address>0x116ca</run_address>
         <size>0x9c</size>
         <input_file_ref idref="fl-e"/>
      </object_component>
      <object_component id="oc-450">
         <name>.text:Buffer_Enqueue</name>
         <load_address>0x11766</load_address>
         <run_address>0x11766</run_address>
         <size>0x90</size>
         <input_file_ref idref="fl-4"/>
      </object_component>
      <object_component id="oc-541">
         <name>.text:List_Init</name>
         <load_address>0x117f6</load_address>
         <run_address>0x117f6</run_address>
         <size>0x8c</size>
         <input_file_ref idref="fl-8"/>
      </object_component>
      <object_component id="oc-7ab">
         <name>.text:Task_Remove</name>
         <load_address>0x11882</load_address>
         <run_address>0x11882</run_address>
         <size>0x8c</size>
         <input_file_ref idref="fl-b"/>
      </object_component>
      <object_component id="oc-704">
         <name>.text:__mspabi_cvtdf</name>
         <load_address>0x1190e</load_address>
         <run_address>0x1190e</run_address>
         <size>0x8c</size>
         <input_file_ref idref="fl-5d"/>
      </object_component>
      <object_component id="oc-8cc">
         <name>.text:Receiver</name>
         <load_address>0x1199a</load_address>
         <run_address>0x1199a</run_address>
         <size>0x80</size>
         <input_file_ref idref="fl-a"/>
      </object_component>
      <object_component id="oc-80c">
         <name>.text</name>
         <load_address>0x11a1a</load_address>
         <run_address>0x11a1a</run_address>
         <size>0x7e</size>
         <input_file_ref idref="fl-35"/>
      </object_component>
      <object_component id="oc-786">
         <name>.text:PrintBits</name>
         <load_address>0x11a98</load_address>
         <run_address>0x11a98</run_address>
         <size>0x7c</size>
         <input_file_ref idref="fl-2"/>
      </object_component>
      <object_component id="oc-7bf">
         <name>.text:Subsystem_Init</name>
         <load_address>0x11b14</load_address>
         <run_address>0x11b14</run_address>
         <size>0x7c</size>
         <input_file_ref idref="fl-a"/>
      </object_component>
      <object_component id="oc-497">
         <name>.text:SetClk24MHz</name>
         <load_address>0x11b90</load_address>
         <run_address>0x11b90</run_address>
         <size>0x78</size>
         <input_file_ref idref="fl-3"/>
      </object_component>
      <object_component id="oc-68e">
         <name>.text:Receiver</name>
         <load_address>0x11c08</load_address>
         <run_address>0x11c08</run_address>
         <size>0x76</size>
         <input_file_ref idref="fl-2"/>
      </object_component>
      <object_component id="oc-6d">
         <name>.text:decompress:lzss:__TI_decompress_lzss</name>
         <load_address>0x11c7e</load_address>
         <run_address>0x11c7e</run_address>
         <size>0x76</size>
         <input_file_ref idref="fl-5c"/>
      </object_component>
      <object_component id="oc-49d">
         <name>.text:Task_Init</name>
         <load_address>0x11cf4</load_address>
         <run_address>0x11cf4</run_address>
         <size>0x70</size>
         <input_file_ref idref="fl-b"/>
      </object_component>
      <object_component id="oc-802">
         <name>.text</name>
         <load_address>0x11d64</load_address>
         <run_address>0x11d64</run_address>
         <size>0x68</size>
         <input_file_ref idref="fl-34"/>
      </object_component>
      <object_component id="oc-729">
         <name>.text:FindLinkByItem</name>
         <load_address>0x11dcc</load_address>
         <run_address>0x11dcc</run_address>
         <size>0x64</size>
         <input_file_ref idref="fl-8"/>
      </object_component>
      <object_component id="oc-6ec">
         <name>.text:Buffer_uint32</name>
         <load_address>0x11e30</load_address>
         <run_address>0x11e30</run_address>
         <size>0x62</size>
         <input_file_ref idref="fl-5"/>
      </object_component>
      <object_component id="oc-794">
         <name>.text:Cursor</name>
         <load_address>0x11e92</load_address>
         <run_address>0x11e92</run_address>
         <size>0x5a</size>
         <input_file_ref idref="fl-6"/>
      </object_component>
      <object_component id="oc-595">
         <name>.text:Game_Register</name>
         <load_address>0x11eec</load_address>
         <run_address>0x11eec</run_address>
         <size>0x5a</size>
         <input_file_ref idref="fl-6"/>
      </object_component>
      <object_component id="oc-8e7">
         <name>.text:Subsystem_Write</name>
         <load_address>0x11f46</load_address>
         <run_address>0x11f46</run_address>
         <size>0x5a</size>
         <input_file_ref idref="fl-a"/>
      </object_component>
      <object_component id="oc-59e">
         <name>.text:Callback</name>
         <load_address>0x11fa0</load_address>
         <run_address>0x11fa0</run_address>
         <size>0x58</size>
         <input_file_ref idref="fl-2"/>
      </object_component>
      <object_component id="oc-655">
         <name>.text</name>
         <load_address>0x11ff8</load_address>
         <run_address>0x11ff8</run_address>
         <size>0x58</size>
         <input_file_ref idref="fl-32"/>
      </object_component>
      <object_component id="oc-5b5">
         <name>.text:UART_Tx_Start</name>
         <load_address>0x12050</load_address>
         <run_address>0x12050</run_address>
         <size>0x56</size>
         <input_file_ref idref="fl-e"/>
      </object_component>
      <object_component id="oc-647">
         <name>.text:List_AddIndirect</name>
         <load_address>0x120a6</load_address>
         <run_address>0x120a6</run_address>
         <size>0x54</size>
         <input_file_ref idref="fl-8"/>
      </object_component>
      <object_component id="oc-4e7">
         <name>.text:__TI_auto_init_nobinit_nopinit_hold_wdt:__TI_auto_init_nobinit_nopinit_hold_wdt</name>
         <load_address>0x120fa</load_address>
         <run_address>0x120fa</run_address>
         <size>0x54</size>
         <input_file_ref idref="fl-55"/>
      </object_component>
      <object_component id="oc-6f2">
         <name>.text:Buffer_uint16</name>
         <load_address>0x1214e</load_address>
         <run_address>0x1214e</run_address>
         <size>0x52</size>
         <input_file_ref idref="fl-5"/>
      </object_component>
      <object_component id="oc-52e">
         <name>.text:SetVcoreUp</name>
         <load_address>0x121a0</load_address>
         <run_address>0x121a0</run_address>
         <size>0x4e</size>
         <input_file_ref idref="fl-3"/>
      </object_component>
      <object_component id="oc-404">
         <name>.text:UART_Tx_Handler</name>
         <load_address>0x121ee</load_address>
         <run_address>0x121ee</run_address>
         <size>0x4e</size>
         <input_file_ref idref="fl-e"/>
      </object_component>
      <object_component id="oc-6c6">
         <name>.text:Game_Log</name>
         <load_address>0x1223c</load_address>
         <run_address>0x1223c</run_address>
         <size>0x4c</size>
         <input_file_ref idref="fl-6"/>
      </object_component>
      <object_component id="oc-879">
         <name>.text:Subsystem_SystemInit</name>
         <load_address>0x12288</load_address>
         <run_address>0x12288</run_address>
         <size>0x4c</size>
         <input_file_ref idref="fl-a"/>
      </object_component>
      <object_component id="oc-566">
         <name>.text:Task_Schedule</name>
         <load_address>0x122d4</load_address>
         <run_address>0x122d4</run_address>
         <size>0x4a</size>
         <input_file_ref idref="fl-b"/>
      </object_component>
      <object_component id="oc-7db">
         <name>.text:Log_Header</name>
         <load_address>0x1231e</load_address>
         <run_address>0x1231e</run_address>
         <size>0x44</size>
         <input_file_ref idref="fl-a"/>
      </object_component>
      <object_component id="oc-560">
         <name>.text:RollTimer</name>
         <load_address>0x12362</load_address>
         <run_address>0x12362</run_address>
         <size>0x44</size>
         <input_file_ref idref="fl-b"/>
      </object_component>
      <object_component id="oc-78d">
         <name>.text:UART_RegisterReceiver</name>
         <load_address>0x123a6</load_address>
         <run_address>0x123a6</run_address>
         <size>0x44</size>
         <input_file_ref idref="fl-e"/>
      </object_component>
      <object_component id="oc-41d">
         <name>.text:main</name>
         <load_address>0x123ea</load_address>
         <run_address>0x123ea</run_address>
         <size>0x40</size>
         <input_file_ref idref="fl-3"/>
      </object_component>
      <object_component id="oc-85c">
         <name>.text:rand</name>
         <load_address>0x1242a</load_address>
         <run_address>0x1242a</run_address>
         <size>0x40</size>
         <input_file_ref idref="fl-62"/>
      </object_component>
      <object_component id="oc-469">
         <name>.text:Buffer_Dequeue</name>
         <load_address>0x1246a</load_address>
         <run_address>0x1246a</run_address>
         <size>0x3e</size>
         <input_file_ref idref="fl-4"/>
      </object_component>
      <object_component id="oc-82b">
         <name>.text:TimeSince</name>
         <load_address>0x124a8</load_address>
         <run_address>0x124a8</run_address>
         <size>0x3e</size>
         <input_file_ref idref="fl-d"/>
      </object_component>
      <object_component id="oc-3f8">
         <name>.text:UART_Rx_Handler</name>
         <load_address>0x124e6</load_address>
         <run_address>0x124e6</run_address>
         <size>0x3e</size>
         <input_file_ref idref="fl-e"/>
      </object_component>
      <object_component id="oc-7fb">
         <name>.text:l_lsl_const</name>
         <load_address>0x12524</load_address>
         <run_address>0x12524</run_address>
         <size>0x3e</size>
         <input_file_ref idref="fl-66"/>
      </object_component>
      <object_component id="oc-65a">
         <name>.text:l_lsr_const</name>
         <load_address>0x12562</load_address>
         <run_address>0x12562</run_address>
         <size>0x3e</size>
         <input_file_ref idref="fl-4c"/>
      </object_component>
      <object_component id="oc-868">
         <name>.text:GameOver</name>
         <load_address>0x125a0</load_address>
         <run_address>0x125a0</run_address>
         <size>0x3c</size>
         <input_file_ref idref="fl-2"/>
      </object_component>
      <object_component id="oc-6ad">
         <name>.text:Game_Printf</name>
         <load_address>0x125dc</load_address>
         <run_address>0x125dc</run_address>
         <size>0x3c</size>
         <input_file_ref idref="fl-6"/>
      </object_component>
      <object_component id="oc-798">
         <name>.text:random_int</name>
         <load_address>0x12618</load_address>
         <run_address>0x12618</run_address>
         <size>0x3a</size>
         <input_file_ref idref="fl-9"/>
      </object_component>
      <object_component id="oc-6a6">
         <name>.text:CheckKill</name>
         <load_address>0x12652</load_address>
         <run_address>0x12652</run_address>
         <size>0x38</size>
         <input_file_ref idref="fl-2"/>
      </object_component>
      <object_component id="oc-688">
         <name>.text:Game_CharXY</name>
         <load_address>0x1268a</load_address>
         <run_address>0x1268a</run_address>
         <size>0x36</size>
         <input_file_ref idref="fl-6"/>
      </object_component>
      <object_component id="oc-6cc">
         <name>.text:strcasecmp</name>
         <load_address>0x126c0</load_address>
         <run_address>0x126c0</run_address>
         <size>0x36</size>
         <input_file_ref idref="fl-63"/>
      </object_component>
      <object_component id="oc-6b4">
         <name>.text:Game_Init</name>
         <load_address>0x126f6</load_address>
         <run_address>0x126f6</run_address>
         <size>0x34</size>
         <input_file_ref idref="fl-6"/>
      </object_component>
      <object_component id="oc-760">
         <name>.text:GetUnusedLink</name>
         <load_address>0x1272a</load_address>
         <run_address>0x1272a</run_address>
         <size>0x34</size>
         <input_file_ref idref="fl-8"/>
      </object_component>
      <object_component id="oc-77f">
         <name>.text:Terminal_CharXY</name>
         <load_address>0x1275e</load_address>
         <run_address>0x1275e</run_address>
         <size>0x32</size>
         <input_file_ref idref="fl-c"/>
      </object_component>
      <object_component id="oc-4b6">
         <name>.text:UART_printf</name>
         <load_address>0x12790</load_address>
         <run_address>0x12790</run_address>
         <size>0x32</size>
         <input_file_ref idref="fl-e"/>
      </object_component>
      <object_component id="oc-7b2">
         <name>.text:UART_vprintf</name>
         <load_address>0x127c2</load_address>
         <run_address>0x127c2</run_address>
         <size>0x2e</size>
         <input_file_ref idref="fl-e"/>
      </object_component>
      <object_component id="oc-880">
         <name>.text:Subsystem_GetName</name>
         <load_address>0x127f0</load_address>
         <run_address>0x127f0</run_address>
         <size>0x2c</size>
         <input_file_ref idref="fl-a"/>
      </object_component>
      <object_component id="oc-862">
         <name>.text</name>
         <load_address>0x1281c</load_address>
         <run_address>0x1281c</run_address>
         <size>0x2c</size>
         <input_file_ref idref="fl-2f"/>
      </object_component>
      <object_component id="oc-57d">
         <name>.text:Buffer_Init</name>
         <load_address>0x12848</load_address>
         <run_address>0x12848</run_address>
         <size>0x2a</size>
         <input_file_ref idref="fl-4"/>
      </object_component>
      <object_component id="oc-6e6">
         <name>.text:Buffer_int32</name>
         <load_address>0x12872</load_address>
         <run_address>0x12872</run_address>
         <size>0x2a</size>
         <input_file_ref idref="fl-5"/>
      </object_component>
      <object_component id="oc-775">
         <name>.text:Game_IsTransmitting</name>
         <load_address>0x1289c</load_address>
         <run_address>0x1289c</run_address>
         <size>0x2a</size>
         <input_file_ref idref="fl-6"/>
      </object_component>
      <object_component id="oc-8ee">
         <name>.text:UART_WriteByte</name>
         <load_address>0x128c6</load_address>
         <run_address>0x128c6</run_address>
         <size>0x2a</size>
         <input_file_ref idref="fl-e"/>
      </object_component>
      <object_component id="oc-76f">
         <name>.text:DelayMs</name>
         <load_address>0x128f0</load_address>
         <run_address>0x128f0</run_address>
         <size>0x28</size>
         <input_file_ref idref="fl-d"/>
      </object_component>
      <object_component id="oc-3b0">
         <name>.text:decompress:ZI:__TI_zero_init</name>
         <load_address>0x12918</load_address>
         <run_address>0x12918</run_address>
         <size>0x24</size>
         <input_file_ref idref="fl-56"/>
      </object_component>
      <object_component id="oc-712">
         <name>.text:hal_UART_TxInterruptEnabled</name>
         <load_address>0x1293c</load_address>
         <run_address>0x1293c</run_address>
         <size>0x24</size>
         <input_file_ref idref="fl-7"/>
      </object_component>
      <object_component id="oc-8a7">
         <name>.text</name>
         <load_address>0x12960</load_address>
         <run_address>0x12960</run_address>
         <size>0x24</size>
         <input_file_ref idref="fl-51"/>
      </object_component>
      <object_component id="oc-6fe">
         <name>.text:Buffer_int16</name>
         <load_address>0x12984</load_address>
         <run_address>0x12984</run_address>
         <size>0x22</size>
         <input_file_ref idref="fl-5"/>
      </object_component>
      <object_component id="oc-4a9">
         <name>.text:F5529PPY_BIT_Init</name>
         <load_address>0x129a6</load_address>
         <run_address>0x129a6</run_address>
         <size>0x22</size>
         <input_file_ref idref="fl-2"/>
      </object_component>
      <object_component id="oc-5c2">
         <name>.text:List_GetFirst</name>
         <load_address>0x129c8</load_address>
         <run_address>0x129c8</run_address>
         <size>0x20</size>
         <input_file_ref idref="fl-8"/>
      </object_component>
      <object_component id="oc-45c">
         <name>.text:hal_UART_DataAvailable</name>
         <load_address>0x129e8</load_address>
         <run_address>0x129e8</run_address>
         <size>0x20</size>
         <input_file_ref idref="fl-7"/>
      </object_component>
      <object_component id="oc-475">
         <name>.text:hal_UART_SpaceAvailable</name>
         <load_address>0x12a08</load_address>
         <run_address>0x12a08</run_address>
         <size>0x20</size>
         <input_file_ref idref="fl-7"/>
      </object_component>
      <object_component id="oc-5d4">
         <name>.text:List_Remove</name>
         <load_address>0x12a28</load_address>
         <run_address>0x12a28</run_address>
         <size>0x1e</size>
         <input_file_ref idref="fl-8"/>
      </object_component>
      <object_component id="oc-536">
         <name>.text:Timing_Init</name>
         <load_address>0x12a46</load_address>
         <run_address>0x12a46</run_address>
         <size>0x1e</size>
         <input_file_ref idref="fl-d"/>
      </object_component>
      <object_component id="oc-832">
         <name>.text:UART_IsTransmitting</name>
         <load_address>0x12a64</load_address>
         <run_address>0x12a64</run_address>
         <size>0x1e</size>
         <input_file_ref idref="fl-e"/>
      </object_component>
      <object_component id="oc-83d">
         <name>.text:Terminal_HideCursor</name>
         <load_address>0x12a82</load_address>
         <run_address>0x12a82</run_address>
         <size>0x1c</size>
         <input_file_ref idref="fl-c"/>
      </object_component>
      <object_component id="oc-84f">
         <name>.text:Terminal_ShowCursor</name>
         <load_address>0x12a9e</load_address>
         <run_address>0x12a9e</run_address>
         <size>0x1c</size>
         <input_file_ref idref="fl-c"/>
      </object_component>
      <object_component id="oc-44a">
         <name>.text:hal_UART_RxByte</name>
         <load_address>0x12aba</load_address>
         <run_address>0x12aba</run_address>
         <size>0x1c</size>
         <input_file_ref idref="fl-7"/>
      </object_component>
      <object_component id="oc-6f8">
         <name>.text:Buffer_Str</name>
         <load_address>0x12ad6</load_address>
         <run_address>0x12ad6</run_address>
         <size>0x1a</size>
         <input_file_ref idref="fl-5"/>
      </object_component>
      <object_component id="oc-5a4">
         <name>.text:Game_RegisterCallback</name>
         <load_address>0x12af0</load_address>
         <run_address>0x12af0</run_address>
         <size>0x1a</size>
         <input_file_ref idref="fl-6"/>
      </object_component>
      <object_component id="oc-547">
         <name>.text:SortTask</name>
         <load_address>0x12b0a</load_address>
         <run_address>0x12b0a</run_address>
         <size>0x1a</size>
         <input_file_ref idref="fl-b"/>
      </object_component>
      <object_component id="oc-63a">
         <name>.text:List_GetNext</name>
         <load_address>0x12b24</load_address>
         <run_address>0x12b24</run_address>
         <size>0x18</size>
         <input_file_ref idref="fl-8"/>
      </object_component>
      <object_component id="oc-621">
         <name>.text:hal_Timing_Init</name>
         <load_address>0x12b3c</load_address>
         <run_address>0x12b3c</run_address>
         <size>0x18</size>
         <input_file_ref idref="fl-d"/>
      </object_component>
      <object_component id="oc-442">
         <name>.text</name>
         <load_address>0x12b54</load_address>
         <run_address>0x12b54</run_address>
         <size>0x18</size>
         <input_file_ref idref="fl-4e"/>
      </object_component>
      <object_component id="oc-673">
         <name>.text:Game_ClearScreen</name>
         <load_address>0x12b6c</load_address>
         <run_address>0x12b6c</run_address>
         <size>0x16</size>
         <input_file_ref idref="fl-6"/>
      </object_component>
      <object_component id="oc-58f">
         <name>.text:Help</name>
         <load_address>0x12b82</load_address>
         <run_address>0x12b82</run_address>
         <size>0x16</size>
         <input_file_ref idref="fl-2"/>
      </object_component>
      <object_component id="oc-7e1">
         <name>.text:LogStr</name>
         <load_address>0x12b98</load_address>
         <run_address>0x12b98</run_address>
         <size>0x16</size>
         <input_file_ref idref="fl-a"/>
      </object_component>
      <object_component id="oc-3fe">
         <name>.text:hal_UART_ClearRxIF</name>
         <load_address>0x12bae</load_address>
         <run_address>0x12bae</run_address>
         <size>0x16</size>
         <input_file_ref idref="fl-7"/>
      </object_component>
      <object_component id="oc-64f">
         <name>.text:hal_UART_Disable</name>
         <load_address>0x12bc4</load_address>
         <run_address>0x12bc4</run_address>
         <size>0x16</size>
         <input_file_ref idref="fl-7"/>
      </object_component>
      <object_component id="oc-481">
         <name>.text:hal_UART_DisableTxInterrupt</name>
         <load_address>0x12bda</load_address>
         <run_address>0x12bda</run_address>
         <size>0x16</size>
         <input_file_ref idref="fl-7"/>
      </object_component>
      <object_component id="oc-65f">
         <name>.text:hal_UART_Enable</name>
         <load_address>0x12bf0</load_address>
         <run_address>0x12bf0</run_address>
         <size>0x16</size>
         <input_file_ref idref="fl-7"/>
      </object_component>
      <object_component id="oc-66b">
         <name>.text:hal_UART_EnableRxInterrupt</name>
         <load_address>0x12c06</load_address>
         <run_address>0x12c06</run_address>
         <size>0x16</size>
         <input_file_ref idref="fl-7"/>
      </object_component>
      <object_component id="oc-665">
         <name>.text:hal_UART_EnableTxInterrupt</name>
         <load_address>0x12c1c</load_address>
         <run_address>0x12c1c</run_address>
         <size>0x16</size>
         <input_file_ref idref="fl-7"/>
      </object_component>
      <object_component id="oc-46f">
         <name>.text:hal_UART_TxByte</name>
         <load_address>0x12c32</load_address>
         <run_address>0x12c32</run_address>
         <size>0x16</size>
         <input_file_ref idref="fl-7"/>
      </object_component>
      <object_component id="oc-7f3">
         <name>.text</name>
         <load_address>0x12c48</load_address>
         <run_address>0x12c48</run_address>
         <size>0x16</size>
         <input_file_ref idref="fl-30"/>
      </object_component>
      <object_component id="oc-856">
         <name>.text:srand</name>
         <load_address>0x12c5e</load_address>
         <run_address>0x12c5e</run_address>
         <size>0x16</size>
         <input_file_ref idref="fl-62"/>
      </object_component>
      <object_component id="oc-7a5">
         <name>.text:DeleteEnemy</name>
         <load_address>0x12c74</load_address>
         <run_address>0x12c74</run_address>
         <size>0x14</size>
         <input_file_ref idref="fl-2"/>
      </object_component>
      <object_component id="oc-640">
         <name>.text:Timing_Roll</name>
         <load_address>0x12c88</load_address>
         <run_address>0x12c88</run_address>
         <size>0x14</size>
         <input_file_ref idref="fl-d"/>
      </object_component>
      <object_component id="oc-38c">
         <name>.text:memcpy</name>
         <load_address>0x12c9c</load_address>
         <run_address>0x12c9c</run_address>
         <size>0x14</size>
         <input_file_ref idref="fl-61"/>
      </object_component>
      <object_component id="oc-73">
         <name>.text:decompress:none:__TI_decompress_none</name>
         <load_address>0x12cb0</load_address>
         <run_address>0x12cb0</run_address>
         <size>0x12</size>
         <input_file_ref idref="fl-5b"/>
      </object_component>
      <object_component id="oc-7e8">
         <name>.text:tolower</name>
         <load_address>0x12cc2</load_address>
         <run_address>0x12cc2</run_address>
         <size>0x12</size>
         <input_file_ref idref="fl-65"/>
      </object_component>
      <object_component id="oc-553">
         <name>.text:IdentifyTask</name>
         <load_address>0x12cd4</load_address>
         <run_address>0x12cd4</run_address>
         <size>0xe</size>
         <input_file_ref idref="fl-b"/>
      </object_component>
      <object_component id="oc-5ce">
         <name>.text:List_UnlinkFirst</name>
         <load_address>0x12ce2</load_address>
         <run_address>0x12ce2</run_address>
         <size>0xc</size>
         <input_file_ref idref="fl-8"/>
      </object_component>
      <object_component id="oc-694">
         <name>.text:Game_RegisterPlayer1Receiver</name>
         <load_address>0x12cee</load_address>
         <run_address>0x12cee</run_address>
         <size>0xa</size>
         <input_file_ref idref="fl-6"/>
      </object_component>
      <object_component id="oc-8ae">
         <name>.text:Game_UnregisterPlayer1Receiver</name>
         <load_address>0x12cf8</load_address>
         <run_address>0x12cf8</run_address>
         <size>0xa</size>
         <input_file_ref idref="fl-6"/>
      </object_component>
      <object_component id="oc-5c8">
         <name>.text:TimeNow</name>
         <load_address>0x12d02</load_address>
         <run_address>0x12d02</run_address>
         <size>0xa</size>
         <input_file_ref idref="fl-d"/>
      </object_component>
      <object_component id="oc-456">
         <name>.text</name>
         <load_address>0x12d0c</load_address>
         <run_address>0x12d0c</run_address>
         <size>0xa</size>
         <input_file_ref idref="fl-4b"/>
      </object_component>
      <object_component id="oc-69a">
         <name>.text:Game_HideCursor</name>
         <load_address>0x12d16</load_address>
         <run_address>0x12d16</run_address>
         <size>0x8</size>
         <input_file_ref idref="fl-6"/>
      </object_component>
      <object_component id="oc-8b4">
         <name>.text:Game_ShowCursor</name>
         <load_address>0x12d1e</load_address>
         <run_address>0x12d1e</run_address>
         <size>0x8</size>
         <input_file_ref idref="fl-6"/>
      </object_component>
      <object_component id="oc-843">
         <name>.text:Log_GetEcho</name>
         <load_address>0x12d26</load_address>
         <run_address>0x12d26</run_address>
         <size>0x8</size>
         <input_file_ref idref="fl-a"/>
      </object_component>
      <object_component id="oc-559">
         <name>.text:List_SetIdentifyFunction</name>
         <load_address>0x12d2e</load_address>
         <run_address>0x12d2e</run_address>
         <size>0x6</size>
         <input_file_ref idref="fl-8"/>
      </object_component>
      <object_component id="oc-54d">
         <name>.text:List_SetSortFunction</name>
         <load_address>0x12d34</load_address>
         <run_address>0x12d34</run_address>
         <size>0x6</size>
         <input_file_ref idref="fl-8"/>
      </object_component>
      <object_component id="oc-849">
         <name>.text:Log_EchoOff</name>
         <load_address>0x12d3a</load_address>
         <run_address>0x12d3a</run_address>
         <size>0x6</size>
         <input_file_ref idref="fl-a"/>
      </object_component>
      <object_component id="oc-4af">
         <name>.text:Log_EchoOn</name>
         <load_address>0x12d40</load_address>
         <run_address>0x12d40</run_address>
         <size>0x6</size>
         <input_file_ref idref="fl-a"/>
      </object_component>
      <object_component id="oc-4c3">
         <name>.text:abort</name>
         <load_address>0x12d46</load_address>
         <run_address>0x12d46</run_address>
         <size>0x6</size>
         <input_file_ref idref="fl-5e"/>
      </object_component>
      <object_component id="oc-47b">
         <name>.text:Buffer_GetSize</name>
         <load_address>0x12d4c</load_address>
         <run_address>0x12d4c</run_address>
         <size>0x4</size>
         <input_file_ref idref="fl-4"/>
      </object_component>
      <object_component id="oc-872">
         <name>.text:Play</name>
         <load_address>0x12d50</load_address>
         <run_address>0x12d50</run_address>
         <size>0x4</size>
         <input_file_ref idref="fl-6"/>
      </object_component>
      <object_component id="oc-417">
         <name>.text:_system_pre_init</name>
         <load_address>0x12d54</load_address>
         <run_address>0x12d54</run_address>
         <size>0x4</size>
         <input_file_ref idref="fl-59"/>
      </object_component>
      <object_component id="oc-8ba">
         <name>.text:Game_GameOver</name>
         <load_address>0x12d58</load_address>
         <run_address>0x12d58</run_address>
         <size>0x2</size>
         <input_file_ref idref="fl-6"/>
      </object_component>
      <object_component id="oc-733">
         <name>.text:_nop</name>
         <load_address>0x12d5a</load_address>
         <run_address>0x12d5a</run_address>
         <size>0x2</size>
         <input_file_ref idref="fl-5f"/>
      </object_component>
      <object_component id="oc-5f3">
         <name>.text:_system_post_cinit</name>
         <load_address>0x12d5c</load_address>
         <run_address>0x12d5c</run_address>
         <size>0x2</size>
         <input_file_ref idref="fl-5a"/>
      </object_component>
      <object_component id="oc-3bc">
         <name>.text:_isr:_c_int00_noargs</name>
         <load_address>0x4400</load_address>
         <run_address>0x4400</run_address>
         <size>0x1c</size>
         <input_file_ref idref="fl-54"/>
      </object_component>
      <object_component id="oc-39e">
         <name>.text:_isr:_UART1_ISR</name>
         <load_address>0x441c</load_address>
         <run_address>0x441c</run_address>
         <size>0x18</size>
         <input_file_ref idref="fl-7"/>
      </object_component>
      <object_component id="oc-3a4">
         <name>.text:_isr:TIMER0_A0_ISR</name>
         <load_address>0x4434</load_address>
         <run_address>0x4434</run_address>
         <size>0xe</size>
         <input_file_ref idref="fl-d"/>
      </object_component>
      <object_component id="oc-399">
         <name>.text:_isr:__TI_ISR_TRAP</name>
         <load_address>0x4442</load_address>
         <run_address>0x4442</run_address>
         <size>0x8</size>
         <input_file_ref idref="fl-4a"/>
      </object_component>
      <object_component id="oc-978">
         <name>.cinit..data.load</name>
         <load_address>0x47fe</load_address>
         <run_address>0x47fe</run_address>
         <size>0x25</size>
      </object_component>
      <object_component id="oc-975">
         <name>__TI_handler_table</name>
         <load_address>0x4824</load_address>
         <run_address>0x4824</run_address>
         <size>0xc</size>
      </object_component>
      <object_component id="oc-977">
         <name>.cinit..bss.load</name>
         <load_address>0x4830</load_address>
         <run_address>0x4830</run_address>
         <size>0x6</size>
      </object_component>
      <object_component id="oc-976">
         <name>__TI_cinit_table</name>
         <load_address>0x4836</load_address>
         <run_address>0x4836</run_address>
         <size>0x10</size>
      </object_component>
      <object_component id="oc-76d">
         <name>.const:.string</name>
         <load_address>0x444a</load_address>
         <run_address>0x444a</run_address>
         <size>0x116</size>
         <input_file_ref idref="fl-6"/>
      </object_component>
      <object_component id="oc-88c">
         <name>.const:.string:_ctypes_</name>
         <load_address>0x4560</load_address>
         <run_address>0x4560</run_address>
         <size>0x101</size>
         <input_file_ref idref="fl-69"/>
      </object_component>
      <object_component id="oc-886">
         <name>.const:.string</name>
         <load_address>0x4662</load_address>
         <run_address>0x4662</run_address>
         <size>0xc4</size>
         <input_file_ref idref="fl-a"/>
      </object_component>
      <object_component id="oc-588">
         <name>.const:.string</name>
         <load_address>0x4726</load_address>
         <run_address>0x4726</run_address>
         <size>0x92</size>
         <input_file_ref idref="fl-2"/>
      </object_component>
      <object_component id="oc-839">
         <name>.const:.string</name>
         <load_address>0x47b8</load_address>
         <run_address>0x47b8</run_address>
         <size>0x30</size>
         <input_file_ref idref="fl-c"/>
      </object_component>
      <object_component id="oc-4b5">
         <name>.const:.string</name>
         <load_address>0x47e8</load_address>
         <run_address>0x47e8</run_address>
         <size>0x16</size>
         <input_file_ref idref="fl-3"/>
      </object_component>
      <object_component id="oc-907">
         <name>.binit</name>
         <load_address>0x4400</load_address>
         <run_address>0x4400</run_address>
         <size>0x0</size>
      </object_component>
      <object_component id="oc-79">
         <name>.int41</name>
         <load_address>0xffd2</load_address>
         <run_address>0xffd2</run_address>
         <size>0x2</size>
         <input_file_ref idref="fl-36"/>
      </object_component>
      <object_component id="oc-7a">
         <name>.int42</name>
         <load_address>0xffd4</load_address>
         <run_address>0xffd4</run_address>
         <size>0x2</size>
         <input_file_ref idref="fl-37"/>
      </object_component>
      <object_component id="oc-7b">
         <name>.int43</name>
         <load_address>0xffd6</load_address>
         <run_address>0xffd6</run_address>
         <size>0x2</size>
         <input_file_ref idref="fl-38"/>
      </object_component>
      <object_component id="oc-7c">
         <name>.int44</name>
         <load_address>0xffd8</load_address>
         <run_address>0xffd8</run_address>
         <size>0x2</size>
         <input_file_ref idref="fl-39"/>
      </object_component>
      <object_component id="oc-7d">
         <name>.int45</name>
         <load_address>0xffda</load_address>
         <run_address>0xffda</run_address>
         <size>0x2</size>
         <input_file_ref idref="fl-3a"/>
      </object_component>
      <object_component id="oc-7e">
         <name>.int46</name>
         <load_address>0xffdc</load_address>
         <run_address>0xffdc</run_address>
         <size>0x2</size>
         <input_file_ref idref="fl-7"/>
      </object_component>
      <object_component id="oc-7f">
         <name>.int47</name>
         <load_address>0xffde</load_address>
         <run_address>0xffde</run_address>
         <size>0x2</size>
         <input_file_ref idref="fl-3b"/>
      </object_component>
      <object_component id="oc-80">
         <name>.int48</name>
         <load_address>0xffe0</load_address>
         <run_address>0xffe0</run_address>
         <size>0x2</size>
         <input_file_ref idref="fl-3c"/>
      </object_component>
      <object_component id="oc-81">
         <name>.int49</name>
         <load_address>0xffe2</load_address>
         <run_address>0xffe2</run_address>
         <size>0x2</size>
         <input_file_ref idref="fl-3d"/>
      </object_component>
      <object_component id="oc-82">
         <name>.int50</name>
         <load_address>0xffe4</load_address>
         <run_address>0xffe4</run_address>
         <size>0x2</size>
         <input_file_ref idref="fl-3e"/>
      </object_component>
      <object_component id="oc-83">
         <name>.int51</name>
         <load_address>0xffe6</load_address>
         <run_address>0xffe6</run_address>
         <size>0x2</size>
         <input_file_ref idref="fl-3f"/>
      </object_component>
      <object_component id="oc-84">
         <name>.int52</name>
         <load_address>0xffe8</load_address>
         <run_address>0xffe8</run_address>
         <size>0x2</size>
         <input_file_ref idref="fl-40"/>
      </object_component>
      <object_component id="oc-85">
         <name>.int53</name>
         <load_address>0xffea</load_address>
         <run_address>0xffea</run_address>
         <size>0x2</size>
         <input_file_ref idref="fl-d"/>
      </object_component>
      <object_component id="oc-86">
         <name>.int54</name>
         <load_address>0xffec</load_address>
         <run_address>0xffec</run_address>
         <size>0x2</size>
         <input_file_ref idref="fl-41"/>
      </object_component>
      <object_component id="oc-87">
         <name>.int55</name>
         <load_address>0xffee</load_address>
         <run_address>0xffee</run_address>
         <size>0x2</size>
         <input_file_ref idref="fl-42"/>
      </object_component>
      <object_component id="oc-88">
         <name>.int56</name>
         <load_address>0xfff0</load_address>
         <run_address>0xfff0</run_address>
         <size>0x2</size>
         <input_file_ref idref="fl-43"/>
      </object_component>
      <object_component id="oc-89">
         <name>.int57</name>
         <load_address>0xfff2</load_address>
         <run_address>0xfff2</run_address>
         <size>0x2</size>
         <input_file_ref idref="fl-44"/>
      </object_component>
      <object_component id="oc-8a">
         <name>.int58</name>
         <load_address>0xfff4</load_address>
         <run_address>0xfff4</run_address>
         <size>0x2</size>
         <input_file_ref idref="fl-45"/>
      </object_component>
      <object_component id="oc-8b">
         <name>.int59</name>
         <load_address>0xfff6</load_address>
         <run_address>0xfff6</run_address>
         <size>0x2</size>
         <input_file_ref idref="fl-46"/>
      </object_component>
      <object_component id="oc-8c">
         <name>.int60</name>
         <load_address>0xfff8</load_address>
         <run_address>0xfff8</run_address>
         <size>0x2</size>
         <input_file_ref idref="fl-47"/>
      </object_component>
      <object_component id="oc-8d">
         <name>.int61</name>
         <load_address>0xfffa</load_address>
         <run_address>0xfffa</run_address>
         <size>0x2</size>
         <input_file_ref idref="fl-48"/>
      </object_component>
      <object_component id="oc-8e">
         <name>.int62</name>
         <load_address>0xfffc</load_address>
         <run_address>0xfffc</run_address>
         <size>0x2</size>
         <input_file_ref idref="fl-49"/>
      </object_component>
      <object_component id="oc-380">
         <name>.reset</name>
         <load_address>0xfffe</load_address>
         <run_address>0xfffe</run_address>
         <size>0x2</size>
         <input_file_ref idref="fl-54"/>
      </object_component>
      <object_component id="oc-52d">
         <name>.debug_info</name>
         <load_address>0x0</load_address>
         <run_address>0x0</run_address>
         <size>0x5cd</size>
         <input_file_ref idref="fl-2"/>
      </object_component>
      <object_component id="oc-680">
         <name>.debug_info</name>
         <load_address>0x5cd</load_address>
         <run_address>0x5cd</run_address>
         <size>0xf8</size>
         <input_file_ref idref="fl-2"/>
      </object_component>
      <object_component id="oc-59c">
         <name>.debug_info</name>
         <load_address>0x6c5</load_address>
         <run_address>0x6c5</run_address>
         <size>0xf2</size>
         <input_file_ref idref="fl-2"/>
      </object_component>
      <object_component id="oc-6a1">
         <name>.debug_info</name>
         <load_address>0x7b7</load_address>
         <run_address>0x7b7</run_address>
         <size>0x20c</size>
         <input_file_ref idref="fl-2"/>
      </object_component>
      <object_component id="oc-683">
         <name>.debug_info</name>
         <load_address>0x9c3</load_address>
         <run_address>0x9c3</run_address>
         <size>0x141</size>
         <input_file_ref idref="fl-2"/>
      </object_component>
      <object_component id="oc-787">
         <name>.debug_info</name>
         <load_address>0xb04</load_address>
         <run_address>0xb04</run_address>
         <size>0x1c9</size>
         <input_file_ref idref="fl-2"/>
      </object_component>
      <object_component id="oc-68f">
         <name>.debug_info</name>
         <load_address>0xccd</load_address>
         <run_address>0xccd</run_address>
         <size>0x16f</size>
         <input_file_ref idref="fl-2"/>
      </object_component>
      <object_component id="oc-58a">
         <name>.debug_info</name>
         <load_address>0xe3c</load_address>
         <run_address>0xe3c</run_address>
         <size>0x1eb</size>
         <input_file_ref idref="fl-2"/>
      </object_component>
      <object_component id="oc-7a6">
         <name>.debug_info</name>
         <load_address>0x1027</load_address>
         <run_address>0x1027</run_address>
         <size>0x162</size>
         <input_file_ref idref="fl-2"/>
      </object_component>
      <object_component id="oc-6a7">
         <name>.debug_info</name>
         <load_address>0x1189</load_address>
         <run_address>0x1189</run_address>
         <size>0x173</size>
         <input_file_ref idref="fl-2"/>
      </object_component>
      <object_component id="oc-869">
         <name>.debug_info</name>
         <load_address>0x12fc</load_address>
         <run_address>0x12fc</run_address>
         <size>0x1b9</size>
         <input_file_ref idref="fl-2"/>
      </object_component>
      <object_component id="oc-79f">
         <name>.debug_info</name>
         <load_address>0x14b5</load_address>
         <run_address>0x14b5</run_address>
         <size>0x1d9</size>
         <input_file_ref idref="fl-2"/>
      </object_component>
      <object_component id="oc-590">
         <name>.debug_info</name>
         <load_address>0x168e</load_address>
         <run_address>0x168e</run_address>
         <size>0x13e</size>
         <input_file_ref idref="fl-2"/>
      </object_component>
      <object_component id="oc-4aa">
         <name>.debug_info</name>
         <load_address>0x17cc</load_address>
         <run_address>0x17cc</run_address>
         <size>0x177</size>
         <input_file_ref idref="fl-2"/>
      </object_component>
      <object_component id="oc-59f">
         <name>.debug_info</name>
         <load_address>0x1943</load_address>
         <run_address>0x1943</run_address>
         <size>0x1b6</size>
         <input_file_ref idref="fl-2"/>
      </object_component>
      <object_component id="oc-48f">
         <name>.debug_info</name>
         <load_address>0x1af9</load_address>
         <run_address>0x1af9</run_address>
         <size>0x26b</size>
         <input_file_ref idref="fl-2"/>
      </object_component>
      <object_component id="oc-48a">
         <name>.debug_info</name>
         <load_address>0x1d64</load_address>
         <run_address>0x1d64</run_address>
         <size>0x757</size>
         <input_file_ref idref="fl-2"/>
      </object_component>
      <object_component id="oc-6d6">
         <name>.debug_info</name>
         <load_address>0x24bb</load_address>
         <run_address>0x24bb</run_address>
         <size>0xb1</size>
         <input_file_ref idref="fl-2"/>
      </object_component>
      <object_component id="oc-387">
         <name>.debug_info</name>
         <load_address>0x256c</load_address>
         <run_address>0x256c</run_address>
         <size>0x84</size>
         <input_file_ref idref="fl-2"/>
      </object_component>
      <object_component id="oc-50a">
         <name>.debug_info</name>
         <load_address>0x25f0</load_address>
         <run_address>0x25f0</run_address>
         <size>0x39</size>
         <input_file_ref idref="fl-2"/>
      </object_component>
      <object_component id="oc-523">
         <name>.debug_info</name>
         <load_address>0x2629</load_address>
         <run_address>0x2629</run_address>
         <size>0x275</size>
         <input_file_ref idref="fl-2"/>
      </object_component>
      <object_component id="oc-463">
         <name>.debug_info</name>
         <load_address>0x289e</load_address>
         <run_address>0x289e</run_address>
         <size>0xbb</size>
         <input_file_ref idref="fl-2"/>
      </object_component>
      <object_component id="oc-619">
         <name>.debug_info</name>
         <load_address>0x2959</load_address>
         <run_address>0x2959</run_address>
         <size>0x1c4</size>
         <input_file_ref idref="fl-2"/>
      </object_component>
      <object_component id="oc-7d1">
         <name>.debug_info</name>
         <load_address>0x2b1d</load_address>
         <run_address>0x2b1d</run_address>
         <size>0xfc</size>
         <input_file_ref idref="fl-2"/>
      </object_component>
      <object_component id="oc-614">
         <name>.debug_info</name>
         <load_address>0x2c19</load_address>
         <run_address>0x2c19</run_address>
         <size>0x595</size>
         <input_file_ref idref="fl-3"/>
      </object_component>
      <object_component id="oc-52f">
         <name>.debug_info</name>
         <load_address>0x31ae</load_address>
         <run_address>0x31ae</run_address>
         <size>0x147</size>
         <input_file_ref idref="fl-3"/>
      </object_component>
      <object_component id="oc-498">
         <name>.debug_info</name>
         <load_address>0x32f5</load_address>
         <run_address>0x32f5</run_address>
         <size>0x156</size>
         <input_file_ref idref="fl-3"/>
      </object_component>
      <object_component id="oc-41e">
         <name>.debug_info</name>
         <load_address>0x344b</load_address>
         <run_address>0x344b</run_address>
         <size>0x191</size>
         <input_file_ref idref="fl-3"/>
      </object_component>
      <object_component id="oc-50f">
         <name>.debug_info</name>
         <load_address>0x35dc</load_address>
         <run_address>0x35dc</run_address>
         <size>0xd6</size>
         <input_file_ref idref="fl-3"/>
      </object_component>
      <object_component id="oc-505">
         <name>.debug_info</name>
         <load_address>0x36b2</load_address>
         <run_address>0x36b2</run_address>
         <size>0x2c</size>
         <input_file_ref idref="fl-3"/>
      </object_component>
      <object_component id="oc-7cc">
         <name>.debug_info</name>
         <load_address>0x36de</load_address>
         <run_address>0x36de</run_address>
         <size>0x5a</size>
         <input_file_ref idref="fl-3"/>
      </object_component>
      <object_component id="oc-519">
         <name>.debug_info</name>
         <load_address>0x3738</load_address>
         <run_address>0x3738</run_address>
         <size>0x5a</size>
         <input_file_ref idref="fl-3"/>
      </object_component>
      <object_component id="oc-520">
         <name>.debug_info</name>
         <load_address>0x3792</load_address>
         <run_address>0x3792</run_address>
         <size>0x317</size>
         <input_file_ref idref="fl-4"/>
      </object_component>
      <object_component id="oc-57e">
         <name>.debug_info</name>
         <load_address>0x3aa9</load_address>
         <run_address>0x3aa9</run_address>
         <size>0x2b5</size>
         <input_file_ref idref="fl-4"/>
      </object_component>
      <object_component id="oc-47c">
         <name>.debug_info</name>
         <load_address>0x3d5e</load_address>
         <run_address>0x3d5e</run_address>
         <size>0x253</size>
         <input_file_ref idref="fl-4"/>
      </object_component>
      <object_component id="oc-451">
         <name>.debug_info</name>
         <load_address>0x3fb1</load_address>
         <run_address>0x3fb1</run_address>
         <size>0x2af</size>
         <input_file_ref idref="fl-4"/>
      </object_component>
      <object_component id="oc-46a">
         <name>.debug_info</name>
[...]
         <name>Log_EchoOff</name>
         <value>0x12d3a</value>
         <object_component_ref idref="oc-849"/>
      </symbol>
      <symbol id="sm-803">
         <name>Subsystem_Init</name>
         <value>0x11b14</value>
         <object_component_ref idref="oc-7bf"/>
      </symbol>
      <symbol id="sm-804">
         <name>Log_GetEcho</name>
         <value>0x12d26</value>
         <object_component_ref idref="oc-843"/>
      </symbol>
      <symbol id="sm-805">
         <name>Subsystem_Write</name>
         <value>0x11f46</value>
         <object_component_ref idref="oc-8e7"/>
      </symbol>
      <symbol id="sm-806">
         <name>LogStr</name>
         <value>0x12b98</value>
         <object_component_ref idref="oc-7e1"/>
      </symbol>
      <symbol id="sm-807">
         <name>Subsystem_GetName</name>
         <value>0x127f0</value>
         <object_component_ref idref="oc-880"/>
      </symbol>
      <symbol id="sm-864">
         <name>task_list_array</name>
         <value>0x2400</value>
      </symbol>
      <symbol id="sm-865">
         <name>task_list_links</name>
         <value>0x2a2c</value>
      </symbol>
      <symbol id="sm-866">
         <name>task_list</name>
         <value>0x2dd6</value>
      </symbol>
      <symbol id="sm-867">
         <name>idle_task</name>
         <value>0x2ebe</value>
      </symbol>
      <symbol id="sm-868">
         <name>Task_Remove</name>
         <value>0x11882</value>
         <object_component_ref idref="oc-7ab"/>
      </symbol>
      <symbol id="sm-869">
         <name>SystemTick</name>
         <value>0x1102c</value>
         <object_component_ref idref="oc-4bc"/>
      </symbol>
      <symbol id="sm-86a">
         <name>Task_Schedule</name>
         <value>0x122d4</value>
         <object_component_ref idref="oc-566"/>
      </symbol>
      <symbol id="sm-86b">
         <name>Task_Init</name>
         <value>0x11cf4</value>
         <object_component_ref idref="oc-49d"/>
      </symbol>
      <symbol id="sm-889">
         <name>Terminal_ShowCursor</name>
         <value>0x12a9e</value>
         <object_component_ref idref="oc-84f"/>
      </symbol>
      <symbol id="sm-88a">
         <name>Terminal_HideCursor</name>
         <value>0x12a82</value>
         <object_component_ref idref="oc-83d"/>
      </symbol>
      <symbol id="sm-88b">
         <name>Terminal_CharXY</name>
         <value>0x1275e</value>
         <object_component_ref idref="oc-77f"/>
      </symbol>
      <symbol id="sm-8cc">
         <name>time_ms</name>
         <value>0x2ec6</value>
      </symbol>
      <symbol id="sm-8cd">
         <name>rollover_time</name>
         <value>0x2ec2</value>
      </symbol>
      <symbol id="sm-8ce">
         <name>DelayMs</name>
         <value>0x128f0</value>
         <object_component_ref idref="oc-76f"/>
      </symbol>
      <symbol id="sm-8cf">
         <name>TimeNow</name>
         <value>0x12d02</value>
         <object_component_ref idref="oc-5c8"/>
      </symbol>
      <symbol id="sm-8d0">
         <name>__TI_int53</name>
         <value>0xffea</value>
         <object_component_ref idref="oc-85"/>
      </symbol>
      <symbol id="sm-8d1">
         <name>Timing_Init</name>
         <value>0x12a46</value>
         <object_component_ref idref="oc-536"/>
      </symbol>
      <symbol id="sm-8d2">
         <name>Timing_Roll</name>
         <value>0x12c88</value>
         <object_component_ref idref="oc-640"/>
      </symbol>
      <symbol id="sm-8d3">
         <name>TimeSince</name>
         <value>0x124a8</value>
         <object_component_ref idref="oc-82b"/>
      </symbol>
      <symbol id="sm-8d4">
         <name>hal_Timing_Init</name>
         <value>0x12b3c</value>
         <object_component_ref idref="oc-621"/>
      </symbol>
      <symbol id="sm-8d5">
         <name>TIMER0_A0_ISR</name>
         <value>0x4434</value>
         <object_component_ref idref="oc-3a4"/>
      </symbol>
      <symbol id="sm-956">
         <name>rx1</name>
         <value>0x2e4a</value>
      </symbol>
      <symbol id="sm-957">
         <name>tx1</name>
         <value>0x2e66</value>
      </symbol>
      <symbol id="sm-958">
         <name>tx_buffer_array1</name>
         <value>0x2d16</value>
      </symbol>
      <symbol id="sm-959">
         <name>rx_buffer_array1</name>
         <value>0x2e2a</value>
      </symbol>
      <symbol id="sm-95a">
         <name>receiverList1</name>
         <value>0x2eae</value>
      </symbol>
      <symbol id="sm-95b">
         <name>receiver_array1</name>
         <value>0x2eb6</value>
      </symbol>
      <symbol id="sm-95c">
         <name>uart</name>
         <value>0x2e06</value>
      </symbol>
      <symbol id="sm-95d">
         <name>rx_flags</name>
         <value>0x2ece</value>
      </symbol>
      <symbol id="sm-95e">
         <name>error_flags</name>
         <value>0x2ecc</value>
      </symbol>
      <symbol id="sm-95f">
         <name>UART_Rx_Handler</name>
         <value>0x124e6</value>
         <object_component_ref idref="oc-3f8"/>
      </symbol>
      <symbol id="sm-960">
         <name>UART_Tx_Handler</name>
         <value>0x121ee</value>
         <object_component_ref idref="oc-404"/>
      </symbol>
      <symbol id="sm-961">
         <name>UART_printf</name>
         <value>0x12790</value>
         <object_component_ref idref="oc-4b6"/>
      </symbol>
      <symbol id="sm-962">
         <name>UART_WriteByte</name>
         <value>0x128c6</value>
         <object_component_ref idref="oc-8ee"/>
      </symbol>
      <symbol id="sm-963">
         <name>UART_RegisterReceiver</name>
         <value>0x123a6</value>
         <object_component_ref idref="oc-78d"/>
      </symbol>
      <symbol id="sm-964">
         <name>UART_IsTransmitting</name>
         <value>0x12a64</value>
         <object_component_ref idref="oc-832"/>
      </symbol>
      <symbol id="sm-965">
         <name>UART_vprintf</name>
         <value>0x127c2</value>
         <object_component_ref idref="oc-7b2"/>
      </symbol>
      <symbol id="sm-966">
         <name>UART_Tick</name>
         <value>0x109c8</value>
         <object_component_ref idref="oc-56e"/>
      </symbol>
      <symbol id="sm-967">
         <name>UART_UnregisterReceiver</name>
         <value>0x116ca</value>
         <object_component_ref idref="oc-8dd"/>
      </symbol>
      <symbol id="sm-968">
         <name>UART_Init</name>
         <value>0x11590</value>
         <object_component_ref idref="oc-4a3"/>
      </symbol>
      <symbol id="sm-974">
         <name>__mspabi_remi</name>
         <value>0x1281c</value>
         <object_component_ref idref="oc-862"/>
      </symbol>
      <symbol id="sm-975">
         <name>__mspabi_divi</name>
         <value>0x1281c</value>
         <object_component_ref idref="oc-862"/>
      </symbol>
      <symbol id="sm-97f">
         <name>__mspabi_remu</name>
         <value>0x12c48</value>
         <object_component_ref idref="oc-7f3"/>
      </symbol>
      <symbol id="sm-980">
         <name>__mspabi_divu</name>
         <value>0x12c48</value>
         <object_component_ref idref="oc-7f3"/>
      </symbol>
      <symbol id="sm-98f">
         <name>__mspabi_remul</name>
         <value>0x11ff8</value>
         <object_component_ref idref="oc-655"/>
      </symbol>
      <symbol id="sm-990">
         <name>__mspabi_divul</name>
         <value>0x11ff8</value>
         <object_component_ref idref="oc-655"/>
      </symbol>
      <symbol id="sm-9a7">
         <name>__mspabi_mpyf</name>
         <value>0x110e4</value>
         <object_component_ref idref="oc-807"/>
      </symbol>
      <symbol id="sm-9b9">
         <name>__mspabi_fixfi</name>
         <value>0x11d64</value>
         <object_component_ref idref="oc-802"/>
      </symbol>
      <symbol id="sm-9cc">
         <name>__mspabi_fixfli</name>
         <value>0x11a1a</value>
         <object_component_ref idref="oc-80c"/>
      </symbol>
      <symbol id="sm-9cf">
         <name>__TI_int41</name>
         <value>0xffd2</value>
         <object_component_ref idref="oc-79"/>
      </symbol>
      <symbol id="sm-9d2">
         <name>__TI_int42</name>
         <value>0xffd4</value>
         <object_component_ref idref="oc-7a"/>
      </symbol>
      <symbol id="sm-9d5">
         <name>__TI_int43</name>
         <value>0xffd6</value>
         <object_component_ref idref="oc-7b"/>
      </symbol>
      <symbol id="sm-9d8">
         <name>__TI_int44</name>
         <value>0xffd8</value>
         <object_component_ref idref="oc-7c"/>
      </symbol>
      <symbol id="sm-9db">
         <name>__TI_int45</name>
         <value>0xffda</value>
         <object_component_ref idref="oc-7d"/>
      </symbol>
      <symbol id="sm-9de">
         <name>__TI_int47</name>
         <value>0xffde</value>
         <object_component_ref idref="oc-7f"/>
      </symbol>
      <symbol id="sm-9e1">
         <name>__TI_int48</name>
         <value>0xffe0</value>
         <object_component_ref idref="oc-80"/>
      </symbol>
      <symbol id="sm-9e4">
         <name>__TI_int49</name>
         <value>0xffe2</value>
         <object_component_ref idref="oc-81"/>
      </symbol>
      <symbol id="sm-9e7">
         <name>__TI_int50</name>
         <value>0xffe4</value>
         <object_component_ref idref="oc-82"/>
      </symbol>
      <symbol id="sm-9ea">
         <name>__TI_int51</name>
         <value>0xffe6</value>
         <object_component_ref idref="oc-83"/>
      </symbol>
      <symbol id="sm-9ed">
         <name>__TI_int52</name>
         <value>0xffe8</value>
         <object_component_ref idref="oc-84"/>
      </symbol>
      <symbol id="sm-9f0">
         <name>__TI_int54</name>
         <value>0xffec</value>
         <object_component_ref idref="oc-86"/>
      </symbol>
      <symbol id="sm-9f3">
         <name>__TI_int55</name>
         <value>0xffee</value>
         <object_component_ref idref="oc-87"/>
      </symbol>
      <symbol id="sm-9f6">
         <name>__TI_int56</name>
         <value>0xfff0</value>
         <object_component_ref idref="oc-88"/>
      </symbol>
      <symbol id="sm-9f9">
         <name>__TI_int57</name>
         <value>0xfff2</value>
         <object_component_ref idref="oc-89"/>
      </symbol>
      <symbol id="sm-9fc">
         <name>__TI_int58</name>
         <value>0xfff4</value>
         <object_component_ref idref="oc-8a"/>
      </symbol>
      <symbol id="sm-9ff">
         <name>__TI_int59</name>
         <value>0xfff6</value>
         <object_component_ref idref="oc-8b"/>
      </symbol>
      <symbol id="sm-a02">
         <name>__TI_int60</name>
         <value>0xfff8</value>
         <object_component_ref idref="oc-8c"/>
      </symbol>
      <symbol id="sm-a05">
         <name>__TI_int61</name>
         <value>0xfffa</value>
         <object_component_ref idref="oc-8d"/>
      </symbol>
      <symbol id="sm-a08">
         <name>__TI_int62</name>
         <value>0xfffc</value>
         <object_component_ref idref="oc-8e"/>
      </symbol>
      <symbol id="sm-a10">
         <name>__TI_ISR_TRAP</name>
         <value>0x4442</value>
         <object_component_ref idref="oc-399"/>
      </symbol>
      <symbol id="sm-a19">
         <name>__mspabi_slli</name>
         <value>0x12d0c</value>
         <object_component_ref idref="oc-456"/>
      </symbol>
      <symbol id="sm-a21">
         <name>__mspabi_srll_8</name>
         <value>0x1257e</value>
         <object_component_ref idref="oc-65a"/>
      </symbol>
      <symbol id="sm-a22">
         <name>__mspabi_srll_9</name>
         <value>0x1257a</value>
         <object_component_ref idref="oc-65a"/>
      </symbol>
      <symbol id="sm-a23">
         <name>__mspabi_srll_6</name>
         <value>0x12586</value>
         <object_component_ref idref="oc-65a"/>
      </symbol>
      <symbol id="sm-a24">
         <name>__mspabi_srll_7</name>
         <value>0x12582</value>
         <object_component_ref idref="oc-65a"/>
      </symbol>
      <symbol id="sm-a25">
         <name>__mspabi_srll_4</name>
         <value>0x1258e</value>
         <object_component_ref idref="oc-65a"/>
      </symbol>
      <symbol id="sm-a26">
         <name>__mspabi_srll_5</name>
         <value>0x1258a</value>
         <object_component_ref idref="oc-65a"/>
      </symbol>
      <symbol id="sm-a27">
         <name>__mspabi_srll_2</name>
         <value>0x12596</value>
         <object_component_ref idref="oc-65a"/>
      </symbol>
      <symbol id="sm-a28">
         <name>__mspabi_srll_3</name>
         <value>0x12592</value>
         <object_component_ref idref="oc-65a"/>
      </symbol>
      <symbol id="sm-a29">
         <name>__mspabi_srll_1</name>
         <value>0x1259a</value>
         <object_component_ref idref="oc-65a"/>
      </symbol>
      <symbol id="sm-a2a">
         <name>__mspabi_srll_15</name>
         <value>0x12562</value>
         <object_component_ref idref="oc-65a"/>
      </symbol>
      <symbol id="sm-a2b">
         <name>__mspabi_srll_14</name>
         <value>0x12566</value>
         <object_component_ref idref="oc-65a"/>
      </symbol>
      <symbol id="sm-a2c">
         <name>__mspabi_srll_13</name>
         <value>0x1256a</value>
         <object_component_ref idref="oc-65a"/>
      </symbol>
      <symbol id="sm-a2d">
         <name>__mspabi_srll_12</name>
         <value>0x1256e</value>
         <object_component_ref idref="oc-65a"/>
      </symbol>
      <symbol id="sm-a2e">
         <name>__mspabi_srll_11</name>
         <value>0x12572</value>
         <object_component_ref idref="oc-65a"/>
      </symbol>
      <symbol id="sm-a2f">
         <name>__mspabi_srll_10</name>
         <value>0x12576</value>
         <object_component_ref idref="oc-65a"/>
      </symbol>
      <symbol id="sm-a38">
         <name>__mspabi_mpyi_f5hw</name>
         <value>0x12b54</value>
         <object_component_ref idref="oc-442"/>
      </symbol>
      <symbol id="sm-a42">
         <name>__mspabi_mpyl_f5hw</name>
         <value>0x12960</value>
         <object_component_ref idref="oc-8a7"/>
      </symbol>
      <symbol id="sm-a54">
         <name>_stack</name>
         <value>0x4360</value>
         <object_component_ref idref="oc-37d"/>
      </symbol>
      <symbol id="sm-a55">
         <name>_c_int00_noargs</name>
         <value>0x4400</value>
         <object_component_ref idref="oc-3bc"/>
      </symbol>
      <symbol id="sm-a56">
         <name>_reset_vector</name>
         <value>0xfffe</value>
         <object_component_ref idref="oc-380"/>
      </symbol>
      <symbol id="sm-a79">
         <name>__TI_auto_init_nobinit_nopinit_hold_wdt</name>
         <value>0x120fa</value>
         <object_component_ref idref="oc-4e7"/>
      </symbol>
      <symbol id="sm-a8c">
         <name>__TI_zero_init</name>
         <value>0x12918</value>
         <object_component_ref idref="oc-3b0"/>
      </symbol>
      <symbol id="sm-a97">
         <name>_system_pre_init</name>
         <value>0x12d54</value>
         <object_component_ref idref="oc-417"/>
      </symbol>
      <symbol id="sm-aa0">
         <name>_system_post_cinit</name>
         <value>0x12d5c</value>
         <object_component_ref idref="oc-5f3"/>
      </symbol>
      <symbol id="sm-ab1">
         <name>__TI_decompress_none</name>
         <value>0x12cb0</value>
         <object_component_ref idref="oc-73"/>
      </symbol>
      <symbol id="sm-ad4">
         <name>__TI_decompress_lzss</name>
         <value>0x11c7e</value>
         <object_component_ref idref="oc-6d"/>
      </symbol>
      <symbol id="sm-ae7">
         <name>__mspabi_cvtdf</name>
         <value>0x1190e</value>
         <object_component_ref idref="oc-704"/>
      </symbol>
      <symbol id="sm-af1">
         <name>C$$EXIT</name>
         <value>0x12d46</value>
         <object_component_ref idref="oc-4c3"/>
      </symbol>
      <symbol id="sm-af2">
         <name>abort</name>
         <value>0x12d46</value>
         <object_component_ref idref="oc-4c3"/>
      </symbol>
      <symbol id="sm-b08">
         <name>_nop</name>
         <value>0x12d5a</value>
         <object_component_ref idref="oc-733"/>
      </symbol>
      <symbol id="sm-b09">
         <name>_lock</name>
         <value>0x2ee4</value>
         <object_component_ref idref="oc-5e5"/>
      </symbol>
      <symbol id="sm-b0a">
         <name>_unlock</name>
         <value>0x2ee8</value>
         <object_component_ref idref="oc-5ee"/>
      </symbol>
      <symbol id="sm-b19">
         <name>memcpy</name>
         <value>0x12c9c</value>
         <object_component_ref idref="oc-38c"/>
      </symbol>
      <symbol id="sm-b32">
         <name>rand</name>
         <value>0x1242a</value>
         <object_component_ref idref="oc-85c"/>
      </symbol>
      <symbol id="sm-b33">
         <name>srand</name>
         <value>0x12c5e</value>
         <object_component_ref idref="oc-856"/>
      </symbol>
      <symbol id="sm-b41">
         <name>strcasecmp</name>
         <value>0x126c0</value>
         <object_component_ref idref="oc-6cc"/>
      </symbol>
      <symbol id="sm-b4f">
         <name>tolower</name>
         <value>0x12cc2</value>
         <object_component_ref idref="oc-7e8"/>
      </symbol>
      <symbol id="sm-b57">
         <name>__mspabi_slll_9</name>
         <value>0x1253c</value>
         <object_component_ref idref="oc-7fb"/>
      </symbol>
      <symbol id="sm-b58">
         <name>__mspabi_slll_8</name>
         <value>0x12540</value>
         <object_component_ref idref="oc-7fb"/>
      </symbol>
      <symbol id="sm-b59">
         <name>__mspabi_slll_7</name>
         <value>0x12544</value>
         <object_component_ref idref="oc-7fb"/>
      </symbol>
      <symbol id="sm-b5a">
         <name>__mspabi_slll_6</name>
         <value>0x12548</value>
         <object_component_ref idref="oc-7fb"/>
      </symbol>
      <symbol id="sm-b5b">
         <name>__mspabi_slll_5</name>
         <value>0x1254c</value>
         <object_component_ref idref="oc-7fb"/>
      </symbol>
      <symbol id="sm-b5c">
         <name>__mspabi_slll_4</name>
         <value>0x12550</value>
         <object_component_ref idref="oc-7fb"/>
      </symbol>
      <symbol id="sm-b5d">
         <name>__mspabi_slll_3</name>
         <value>0x12554</value>
         <object_component_ref idref="oc-7fb"/>
      </symbol>
      <symbol id="sm-b5e">
         <name>__mspabi_slll_2</name>
         <value>0x12558</value>
         <object_component_ref idref="oc-7fb"/>
      </symbol>
      <symbol id="sm-b5f">
         <name>__mspabi_slll_1</name>
         <value>0x1255c</value>
         <object_component_ref idref="oc-7fb"/>
      </symbol>
      <symbol id="sm-b60">
         <name>__mspabi_slll_15</name>
         <value>0x12524</value>
         <object_component_ref idref="oc-7fb"/>
      </symbol>
      <symbol id="sm-b61">
         <name>__mspabi_slll_14</name>
         <value>0x12528</value>
         <object_component_ref idref="oc-7fb"/>
      </symbol>
      <symbol id="sm-b62">
         <name>__mspabi_slll_13</name>
         <value>0x1252c</value>
         <object_component_ref idref="oc-7fb"/>
      </symbol>
      <symbol id="sm-b63">
         <name>__mspabi_slll_12</name>
         <value>0x12530</value>
         <object_component_ref idref="oc-7fb"/>
      </symbol>
      <symbol id="sm-b64">
         <name>__mspabi_slll_11</name>
         <value>0x12534</value>
         <object_component_ref idref="oc-7fb"/>
      </symbol>
      <symbol id="sm-b65">
         <name>__mspabi_slll_10</name>
         <value>0x12538</value>
         <object_component_ref idref="oc-7fb"/>
      </symbol>
      <symbol id="sm-b71">
         <name>_ctypes_</name>
         <value>0x4560</value>
         <object_component_ref idref="oc-88c"/>
      </symbol>
      <symbol id="sm-b73">
         <name>UART_ReconfigureBaud</name>
         <value>0x10254</value>
      </symbol>
   </symbol_table>
   <title>Link successful</title>
</link_info>
