<?xml version="1.0" encoding="ISO-8859-1" ?>
<link_info>
   <banner>MSP430 Linker Unix v18.1.4.LTS</banner>
   <copyright>Copyright (c) 2003-2018 Texas Instruments Incorporated</copyright>
   <link_time>0x5c9a7041</link_time>
   <link_errors>0x0</link_errors>
   <output_file>GameExample.out</output_file>
   <entry_point>
      <name>_c_int00_noargs</name>
      <address>0x4400</address>
   </entry_point>
   <input_file_list>
      <input_file id="fl-2">
         <path>./</path>
         <kind>object</kind>
         <file>main.obj</file>
         <name>main.obj</name>
      </input_file>
      <input_file id="fl-3">
         <path>./</path>
         <kind>object</kind>
         <file>muh_game.obj</file>
         <name>muh_game.obj</name>
      </input_file>
      <input_file id="fl-4">
         <path>./EmbeddedSoftware/</path>
         <kind>object</kind>
         <file>buffer.obj</file>
         <name>buffer.obj</name>
      </input_file>
      <input_file id="fl-5">
         <path>./EmbeddedSoftware/</path>
         <kind>object</kind>
         <file>buffer_printf.obj</file>
         <name>buffer_printf.obj</name>
      </input_file>
      <input_file id="fl-6">
         <path>./EmbeddedSoftware/</path>
         <kind>object</kind>
         <file>game.obj</file>
         <name>game.obj</name>
      </input_file>
      <input_file id="fl-7">
         <path>./EmbeddedSoftware/</path>
         <kind>object</kind>
         <file>hal_uart.obj</file>
         <name>hal_uart.obj</name>
      </input_file>
      <input_file id="fl-8">
         <path>./EmbeddedSoftware/</path>
         <kind>object</kind>
         <file>list.obj</file>
         <name>list.obj</name>
      </input_file>
      <input_file id="fl-9">
         <path>./EmbeddedSoftware/</path>
         <kind>object</kind>
         <file>random_int.obj</file>
         <name>random_int.obj</name>
      </input_file>
      <input_file id="fl-a">
         <path>./EmbeddedSoftware/</path>
         <kind>object</kind>
         <file>subsystem.obj</file>
         <name>subsystem.obj</name>
      </input_file>
      <input_file id="fl-b">
         <path>./EmbeddedSoftware/</path>
         <kind>object</kind>
         <file>task.obj</file>
         <name>task.obj</name>
      </input_file>
      <input_file id="fl-c">
         <path>./EmbeddedSoftware/</path>
         <kind>object</kind>
         <file>terminal.obj</file>
         <name>terminal.obj</name>
      </input_file>
      <input_file id="fl-d">
         <path>./EmbeddedSoftware/</path>
         <kind>object</kind>
         <file>timing.obj</file>
         <name>timing.obj</name>
      </input_file>
      <input_file id="fl-e">
         <path>./EmbeddedSoftware/</path>
         <kind>object</kind>
         <file>uart.obj</file>
         <name>uart.obj</name>
      </input_file>
      <input_file id="fl-14">
         <kind>object</kind>
         <file>&lt;internal&gt;</file>
         <name>&lt;internal&gt;</name>
      </input_file>
      <input_file id="fl-2f">
         <path>/opt/ccstudio/ccsv8/tools/compiler/ti-cgt-msp430_18.1.4.LTS/lib/</path>
         <kind>archive</kind>
         <file>rts430x_lc_rd_eabi.lib</file>
         <name>div16s.asm.obj</name>
      </input_file>
      <input_file id="fl-30">
         <path>/opt/ccstudio/ccsv8/tools/compiler/ti-cgt-msp430_18.1.4.LTS/lib/</path>
         <kind>archive</kind>
         <file>rts430x_lc_rd_eabi.lib</file>
         <name>div16u.asm.obj</name>
      </input_file>
      <input_file id="fl-31">
         <path>/opt/ccstudio/ccsv8/tools/compiler/ti-cgt-msp430_18.1.4.LTS/lib/</path>
         <kind>archive</kind>
         <file>rts430x_lc_rd_eabi.lib</file>
         <name>div32s.asm.obj</name>
      </input_file>
      <input_file id="fl-32">
         <path>/opt/ccstudio/ccsv8/tools/compiler/ti-cgt-msp430_18.1.4.LTS/lib/</path>
         <kind>archive</kind>
         <file>rts430x_lc_rd_eabi.lib</file>
         <name>div32u.asm.obj</name>
      </input_file>
      <input_file id="fl-33">
         <path>/opt/ccstudio/ccsv8/tools/compiler/ti-cgt-msp430_18.1.4.LTS/lib/</path>
         <kind>archive</kind>
         <file>rts430x_lc_rd_eabi.lib</file>
         <name>fs_mpy.asm.obj</name>
      </input_file>
      <input_file id="fl-34">
         <path>/opt/ccstudio/ccsv8/tools/compiler/ti-cgt-msp430_18.1.4.LTS/lib/</path>
         <kind>archive</kind>
         <file>rts430x_lc_rd_eabi.lib</file>
         <name>fs_toi.asm.obj</name>
      </input_file>
      <input_file id="fl-35">
         <path>/opt/ccstudio/ccsv8/tools/compiler/ti-cgt-msp430_18.1.4.LTS/lib/</path>
         <kind>archive</kind>
         <file>rts430x_lc_rd_eabi.lib</file>
         <name>fs_tol.asm.obj</name>
      </input_file>
      <input_file id="fl-36">
         <path>/opt/ccstudio/ccsv8/tools/compiler/ti-cgt-msp430_18.1.4.LTS/lib/</path>
         <kind>archive</kind>
         <file>rts430x_lc_rd_eabi.lib</file>
         <name>int41.asm.obj</name>
      </input_file>
      <input_file id="fl-37">
         <path>/opt/ccstudio/ccsv8/tools/compiler/ti-cgt-msp430_18.1.4.LTS/lib/</path>
         <kind>archive</kind>
         <file>rts430x_lc_rd_eabi.lib</file>
         <name>int42.asm.obj</name>
      </input_file>
      <input_file id="fl-38">
         <path>/opt/ccstudio/ccsv8/tools/compiler/ti-cgt-msp430_18.1.4.LTS/lib/</path>
         <kind>archive</kind>
         <file>rts430x_lc_rd_eabi.lib</file>
         <name>int43.asm.obj</name>
      </input_file>
      <input_file id="fl-39">
         <path>/opt/ccstudio/ccsv8/tools/compiler/ti-cgt-msp430_18.1.4.LTS/lib/</path>
         <kind>archive</kind>
         <file>rts430x_lc_rd_eabi.lib</file>
         <name>int44.asm.obj</name>
      </input_file>
      <input_file id="fl-3a">
         <path>/opt/ccstudio/ccsv8/tools/compiler/ti-cgt-msp430_18.1.4.LTS/lib/</path>
         <kind>archive</kind>
         <file>rts430x_lc_rd_eabi.lib</file>
         <name>int45.asm.obj</name>
      </input_file>
      <input_file id="fl-3b">
         <path>/opt/ccstudio/ccsv8/tools/compiler/ti-cgt-msp430_18.1.4.LTS/lib/</path>
         <kind>archive</kind>
         <file>rts430x_lc_rd_eabi.lib</file>
         <name>int47.asm.obj</name>
      </input_file>
      <input_file id="fl-3c">
         <path>/opt/ccstudio/ccsv8/tools/compiler/ti-cgt-msp430_18.1.4.LTS/lib/</path>
         <kind>archive</kind>
         <file>rts430x_lc_rd_eabi.lib</file>
         <name>int48.asm.obj</name>
      </input_file>
      <input_file id="fl-3d">
         <path>/opt/ccstudio/ccsv8/tools/compiler/ti-cgt-msp430_18.1.4.LTS/lib/</path>
         <kind>archive</kind>
         <file>rts430x_lc_rd_eabi.lib</file>
         <name>int49.asm.obj</name>
      </input_file>
      <input_file id="fl-3e">
         <path>/opt/ccstudio/ccsv8/tools/compiler/ti-cgt-msp430_18.1.4.LTS/lib/</path>
         <kind>archive</kind>
         <file>rts430x_lc_rd_eabi.lib</file>
         <name>int50.asm.obj</name>
      </input_file>
      <input_file id="fl-3f">
         <path>/opt/ccstudio/ccsv8/tools/compiler/ti-cgt-msp430_18.1.4.LTS/lib/</path>
         <kind>archive</kind>
         <file>rts430x_lc_rd_eabi.lib</file>
         <name>int51.asm.obj</name>
      </input_file>
      <input_file id="fl-40">
         <path>/opt/ccstudio/ccsv8/tools/compiler/ti-cgt-msp430_18.1.4.LTS/lib/</path>
         <kind>archive</kind>
         <file>rts430x_lc_rd_eabi.lib</file>
         <name>int52.asm.obj</name>
      </input_file>
      <input_file id="fl-41">
         <path>/opt/ccstudio/ccsv8/tools/compiler/ti-cgt-msp430_18.1.4.LTS/lib/</path>
         <kind>archive</kind>
         <file>rts430x_lc_rd_eabi.lib</file>
         <name>int54.asm.obj</name>
      </input_file>
      <input_file id="fl-42">
         <path>/opt/ccstudio/ccsv8/tools/compiler/ti-cgt-msp430_18.1.4.LTS/lib/</path>
         <kind>archive</kind>
         <file>rts430x_lc_rd_eabi.lib</file>
         <name>int55.asm.obj</name>
      </input_file>
      <input_file id="fl-43">
         <path>/opt/ccstudio/ccsv8/tools/compiler/ti-cgt-msp430_18.1.4.LTS/lib/</path>
         <kind>archive</kind>
         <file>rts430x_lc_rd_eabi.lib</file>
         <name>int56.asm.obj</name>
      </input_file>
      <input_file id="fl-44">
         <path>/opt/ccstudio/ccsv8/tools/compiler/ti-cgt-msp430_18.1.4.LTS/lib/</path>
         <kind>archive</kind>
         <file>rts430x_lc_rd_eabi.lib</file>
         <name>int57.asm.obj</name>
      </input_file>
      <input_file id="fl-45">
         <path>/opt/ccstudio/ccsv8/tools/compiler/ti-cgt-msp430_18.1.4.LTS/lib/</path>
         <kind>archive</kind>
         <file>rts430x_lc_rd_eabi.lib</file>
         <name>int58.asm.obj</name>
      </input_file>
      <input_file id="fl-46">
         <path>/opt/ccstudio/ccsv8/tools/compiler/ti-cgt-msp430_18.1.4.LTS/lib/</path>
         <kind>archive</kind>
         <file>rts430x_lc_rd_eabi.lib</file>
         <name>int59.asm.obj</name>
      </input_file>
      <input_file id="fl-47">
         <path>/opt/ccstudio/ccsv8/tools/compiler/ti-cgt-msp430_18.1.4.LTS/lib/</path>
         <kind>archive</kind>
         <file>rts430x_lc_rd_eabi.lib</file>
         <name>int60.asm.obj</name>
      </input_file>
      <input_file id="fl-48">
         <path>/opt/ccstudio/ccsv8/tools/compiler/ti-cgt-msp430_18.1.4.LTS/lib/</path>
         <kind>archive</kind>
         <file>rts430x_lc_rd_eabi.lib</file>
         <name>int61.asm.obj</name>
      </input_file>
      <input_file id="fl-49">
         <path>/opt/ccstudio/ccsv8/tools/compiler/ti-cgt-msp430_18.1.4.LTS/lib/</path>
         <kind>archive</kind>
         <file>rts430x_lc_rd_eabi.lib</file>
         <name>int62.asm.obj</name>
      </input_file>
      <input_file id="fl-4a">
         <path>/opt/ccstudio/ccsv8/tools/compiler/ti-cgt-msp430_18.1.4.LTS/lib/</path>
         <kind>archive</kind>
         <file>rts430x_lc_rd_eabi.lib</file>
         <name>isr_trap.asm.obj</name>
      </input_file>
      <input_file id="fl-4b">
         <path>/opt/ccstudio/ccsv8/tools/compiler/ti-cgt-msp430_18.1.4.LTS/lib/</path>
         <kind>archive</kind>
         <file>rts430x_lc_rd_eabi.lib</file>
         <name>lsl16.asm.obj</name>
      </input_file>
      <input_file id="fl-4c">
         <path>/opt/ccstudio/ccsv8/tools/compiler/ti-cgt-msp430_18.1.4.LTS/lib/</path>
         <kind>archive</kind>
         <file>rts430x_lc_rd_eabi.lib</file>
         <name>lsr32.asm.obj</name>
      </input_file>
      <input_file id="fl-4d">
         <path>/opt/ccstudio/ccsv8/tools/compiler/ti-cgt-msp430_18.1.4.LTS/lib/</path>
         <kind>archive</kind>
         <file>rts430x_lc_rd_eabi.lib</file>
         <name>mult16.asm.obj</name>
      </input_file>
      <input_file id="fl-4e">
         <path>/opt/ccstudio/ccsv8/tools/compiler/ti-cgt-msp430_18.1.4.LTS/lib/</path>
         <kind>archive</kind>
         <file>rts430x_lc_rd_eabi.lib</file>
         <name>mult16_f5hw.asm.obj</name>
      </input_file>
      <input_file id="fl-4f">
         <path>/opt/ccstudio/ccsv8/tools/compiler/ti-cgt-msp430_18.1.4.LTS/lib/</path>
         <kind>archive</kind>
         <file>rts430x_lc_rd_eabi.lib</file>
         <name>mult1632_f5hw.asm.obj</name>
      </input_file>
      <input_file id="fl-50">
         <path>/opt/ccstudio/ccsv8/tools/compiler/ti-cgt-msp430_18.1.4.LTS/lib/</path>
         <kind>archive</kind>
         <file>rts430x_lc_rd_eabi.lib</file>
         <name>mult32.asm.obj</name>
      </input_file>
      <input_file id="fl-51">
         <path>/opt/ccstudio/ccsv8/tools/compiler/ti-cgt-msp430_18.1.4.LTS/lib/</path>
         <kind>archive</kind>
         <file>rts430x_lc_rd_eabi.lib</file>
         <name>mult32_f5hw.asm.obj</name>
      </input_file>
      <input_file id="fl-52">
         <path>/opt/ccstudio/ccsv8/tools/compiler/ti-cgt-msp430_18.1.4.LTS/lib/</path>
         <kind>archive</kind>
         <file>rts430x_lc_rd_eabi.lib</file>
         <name>mult3264_f5hw.asm.obj</name>
      </input_file>
      <input_file id="fl-53">
         <path>/opt/ccstudio/ccsv8/tools/compiler/ti-cgt-msp430_18.1.4.LTS/lib/</path>
         <kind>archive</kind>
         <file>rts430x_lc_rd_eabi.lib</file>
         <name>mult64_f5hw.asm.obj</name>
      </input_file>
      <input_file id="fl-54">
         <path>/opt/ccstudio/ccsv8/tools/compiler/ti-cgt-msp430_18.1.4.LTS/lib/</path>
         <kind>archive</kind>
         <file>rts430x_lc_rd_eabi.lib</file>
         <name>boot.c.obj</name>
      </input_file>
      <input_file id="fl-55">
         <path>/opt/ccstudio/ccsv8/tools/compiler/ti-cgt-msp430_18.1.4.LTS/lib/</path>
         <kind>archive</kind>
         <file>rts430x_lc_rd_eabi.lib</file>
         <name>autoinit.c.obj</name>
      </input_file>
      <input_file id="fl-56">
         <path>/opt/ccstudio/ccsv8/tools/compiler/ti-cgt-msp430_18.1.4.LTS/lib/</path>
         <kind>archive</kind>
         <file>rts430x_lc_rd_eabi.lib</file>
         <name>copy_zero_init.c.obj</name>
      </input_file>
      <input_file id="fl-57">
         <path>/opt/ccstudio/ccsv8/tools/compiler/ti-cgt-msp430_18.1.4.LTS/lib/</path>
         <kind>archive</kind>
         <file>rts430x_lc_rd_eabi.lib</file>
         <name>cpy_tbl.c.obj</name>
      </input_file>
      <input_file id="fl-58">
         <path>/opt/ccstudio/ccsv8/tools/compiler/ti-cgt-msp430_18.1.4.LTS/lib/</path>
         <kind>archive</kind>
         <file>rts430x_lc_rd_eabi.lib</file>
         <name>mpu_init.c.obj</name>
      </input_file>
      <input_file id="fl-59">
         <path>/opt/ccstudio/ccsv8/tools/compiler/ti-cgt-msp430_18.1.4.LTS/lib/</path>
         <kind>archive</kind>
         <file>rts430x_lc_rd_eabi.lib</file>
         <name>pre_init.c.obj</name>
      </input_file>
      <input_file id="fl-5a">
         <path>/opt/ccstudio/ccsv8/tools/compiler/ti-cgt-msp430_18.1.4.LTS/lib/</path>
         <kind>archive</kind>
         <file>rts430x_lc_rd_eabi.lib</file>
         <name>startup.c.obj</name>
      </input_file>
      <input_file id="fl-5b">
         <path>/opt/ccstudio/ccsv8/tools/compiler/ti-cgt-msp430_18.1.4.LTS/lib/</path>
         <kind>archive</kind>
         <file>rts430x_lc_rd_eabi.lib</file>
         <name>copy_decompress_none.c.obj</name>
      </input_file>
      <input_file id="fl-5c">
         <path>/opt/ccstudio/ccsv8/tools/compiler/ti-cgt-msp430_18.1.4.LTS/lib/</path>
         <kind>archive</kind>
         <file>rts430x_lc_rd_eabi.lib</file>
         <name>copy_decompress_lzss.c.obj</name>
      </input_file>
      <input_file id="fl-5d">
         <path>/opt/ccstudio/ccsv8/tools/compiler/ti-cgt-msp430_18.1.4.LTS/lib/</path>
         <kind>archive</kind>
         <file>rts430x_lc_rd_eabi.lib</file>
         <name>cvtdf.c.obj</name>
      </input_file>
      <input_file id="fl-5e">
         <path>/opt/ccstudio/ccsv8/tools/compiler/ti-cgt-msp430_18.1.4.LTS/lib/</path>
         <kind>archive</kind>
         <file>rts430x_lc_rd_eabi.lib</file>
         <name>exit.c.obj</name>
      </input_file>
      <input_file id="fl-5f">
         <path>/opt/ccstudio/ccsv8/tools/compiler/ti-cgt-msp430_18.1.4.LTS/lib/</path>
         <kind>archive</kind>
         <file>rts430x_lc_rd_eabi.lib</file>
         <name>_lock.c.obj</name>
      </input_file>
      <input_file id="fl-60">
         <path>/opt/ccstudio/ccsv8/tools/compiler/ti-cgt-msp430_18.1.4.LTS/lib/</path>
         <kind>archive</kind>
         <file>rts430x_lc_rd_eabi.lib</file>
         <name>args_main.c.obj</name>
      </input_file>
      <input_file id="fl-61">
         <path>/opt/ccstudio/ccsv8/tools/compiler/ti-cgt-msp430_18.1.4.LTS/lib/</path>
         <kind>archive</kind>
         <file>rts430x_lc_rd_eabi.lib</file>
         <name>memcpy.c.obj</name>
      </input_file>
      <input_file id="fl-62">
         <path>/opt/ccstudio/ccsv8/tools/compiler/ti-cgt-msp430_18.1.4.LTS/lib/</path>
         <kind>archive</kind>
         <file>rts430x_lc_rd_eabi.lib</file>
         <name>rand.c.obj</name>
      </input_file>
      <input_file id="fl-63">
         <path>/opt/ccstudio/ccsv8/tools/compiler/ti-cgt-msp430_18.1.4.LTS/lib/</path>
         <kind>archive</kind>
         <file>rts430x_lc_rd_eabi.lib</file>
         <name>strcasecmp.c.obj</name>
      </input_file>
      <input_file id="fl-64">
         <path>/opt/ccstudio/ccsv8/tools/compiler/ti-cgt-msp430_18.1.4.LTS/lib/</path>
         <kind>archive</kind>
         <file>rts430x_lc_rd_eabi.lib</file>
         <name>strlen.c.obj</name>
      </input_file>
      <input_file id="fl-65">
         <path>/opt/ccstudio/ccsv8/tools/compiler/ti-cgt-msp430_18.1.4.LTS/lib/</path>
         <kind>archive</kind>
         <file>rts430x_lc_rd_eabi.lib</file>
         <name>tolower.c.obj</name>
      </input_file>
      <input_file id="fl-66">
         <path>/opt/ccstudio/ccsv8/tools/compiler/ti-cgt-msp430_18.1.4.LTS/lib/</path>
         <kind>archive</kind>
         <file>rts430x_lc_rd_eabi.lib</file>
         <name>lsl32.asm.obj</name>
      </input_file>
      <input_file id="fl-67">
         <path>/opt/ccstudio/ccsv8/tools/compiler/ti-cgt-msp430_18.1.4.LTS/lib/</path>
         <kind>archive</kind>
         <file>rts430x_lc_rd_eabi.lib</file>
         <name>exit_gvars.c.obj</name>
      </input_file>
      <input_file id="fl-68">
         <path>/opt/ccstudio/ccsv8/tools/compiler/ti-cgt-msp430_18.1.4.LTS/lib/</path>
         <kind>archive</kind>
         <file>rts430x_lc_rd_eabi.lib</file>
         <name>lsr64.c.obj</name>
      </input_file>
      <input_file id="fl-69">
         <path>/opt/ccstudio/ccsv8/tools/compiler/ti-cgt-msp430_18.1.4.LTS/lib/</path>
         <kind>archive</kind>
         <file>rts430x_lc_rd_eabi.lib</file>
         <name>ctype.c.obj</name>
      </input_file>
   </input_file_list>
   <object_component_list>
      <object_component id="oc-67c">
         <name>.bss:enemies</name>
         <uninitialized>true</uninitialized>
         <run_address>0x2e96</run_address>
         <size>0xc</size>
         <input_file_ref idref="fl-3"/>
      </object_component>
      <object_component id="oc-679">
         <name>.bss:shots</name>
         <uninitialized>true</uninitialized>
         <run_address>0x2e82</run_address>
         <size>0x14</size>
         <input_file_ref idref="fl-3"/>
      </object_component>
      <object_component id="oc-59b">
         <name>.bss:game</name>
         <uninitialized>true</uninitialized>
         <run_address>0x2ea2</run_address>
         <size>0x8</size>
         <input_file_ref idref="fl-3"/>
      </object_component>
      <object_component id="oc-83f">
         <name>.bss</name>
         <uninitialized>true</uninitialized>
         <run_address>0x2eba</run_address>
         <size>0x4</size>
         <input_file_ref idref="fl-3"/>
      </object_component>
      <object_component id="oc-930">
         <name>.bss:receive_buffer</name>
         <uninitialized>true</uninitialized>
         <run_address>0x2d96</run_address>
         <size>0x40</size>
         <input_file_ref idref="fl-a"/>
      </object_component>
      <object_component id="oc-92f">
         <name>.bss</name>
         <uninitialized>true</uninitialized>
         <run_address>0x2eca</run_address>
         <size>0x2</size>
         <input_file_ref idref="fl-a"/>
      </object_component>
      <object_component id="oc-6b2">
         <name>.common:games</name>
         <uninitialized>true</uninitialized>
         <run_address>0x2720</run_address>
         <size>0x30c</size>
      </object_component>
      <object_component id="oc-7cc">
         <name>.common:game_id</name>
         <uninitialized>true</uninitialized>
         <run_address>0x2ecd</run_address>
         <size>0x1</size>
      </object_component>
      <object_component id="oc-5ab">
         <name>.common:sys</name>
         <uninitialized>true</uninitialized>
         <run_address>0x2c84</run_address>
         <size>0x92</size>
      </object_component>
      <object_component id="oc-540">
         <name>.common:task_list_array</name>
         <uninitialized>true</uninitialized>
         <run_address>0x2400</run_address>
         <size>0x320</size>
      </object_component>
      <object_component id="oc-53c">
         <name>.common:task_list_links</name>
         <uninitialized>true</uninitialized>
         <run_address>0x2a2c</run_address>
         <size>0x258</size>
      </object_component>
      <object_component id="oc-53f">
         <name>.common:task_list</name>
         <uninitialized>true</uninitialized>
         <run_address>0x2dd6</run_address>
         <size>0x30</size>
      </object_component>
      <object_component id="oc-55f">
         <name>.common:idle_task</name>
         <uninitialized>true</uninitialized>
         <run_address>0x2ebe</run_address>
         <size>0x4</size>
      </object_component>
      <object_component id="oc-40b">
         <name>.common:time_ms</name>
         <uninitialized>true</uninitialized>
         <run_address>0x2ec6</run_address>
         <size>0x4</size>
      </object_component>
      <object_component id="oc-61a">
         <name>.common:rollover_time</name>
         <uninitialized>true</uninitialized>
         <run_address>0x2ec2</run_address>
         <size>0x4</size>
      </object_component>
      <object_component id="oc-57b">
         <name>.common:rx1</name>
         <uninitialized>true</uninitialized>
         <run_address>0x2e4a</run_address>
         <size>0x1c</size>
      </object_component>
      <object_component id="oc-583">
         <name>.common:tx1</name>
         <uninitialized>true</uninitialized>
         <run_address>0x2e66</run_address>
         <size>0x1c</size>
      </object_component>
      <object_component id="oc-584">
         <name>.common:tx_buffer_array1</name>
         <uninitialized>true</uninitialized>
         <run_address>0x2d16</run_address>
         <size>0x80</size>
      </object_component>
      <object_component id="oc-57c">
         <name>.common:rx_buffer_array1</name>
         <uninitialized>true</uninitialized>
         <run_address>0x2e2a</run_address>
         <size>0x20</size>
      </object_component>
      <object_component id="oc-585">
         <name>.common:receiverList1</name>
         <uninitialized>true</uninitialized>
         <run_address>0x2eaa</run_address>
         <size>0x8</size>
      </object_component>
      <object_component id="oc-586">
         <name>.common:receiver_array1</name>
         <uninitialized>true</uninitialized>
         <run_address>0x2eb2</run_address>
         <size>0x8</size>
      </object_component>
      <object_component id="oc-447">
         <name>.common:uart</name>
         <uninitialized>true</uninitialized>
         <run_address>0x2e06</run_address>
         <size>0x24</size>
      </object_component>
      <object_component id="oc-45b">
         <name>.common:rx_flags</name>
         <uninitialized>true</uninitialized>
         <run_address>0x2ece</run_address>
         <size>0x1</size>
      </object_component>
      <object_component id="oc-574">
         <name>.common:error_flags</name>
         <uninitialized>true</uninitialized>
         <run_address>0x2ecc</run_address>
         <size>0x1</size>
      </object_component>
      <object_component id="oc-6ac">
         <name>.data</name>
         <load_address>0x2eec</load_address>
         <run_address>0x2eec</run_address>
         <size>0x4</size>
         <input_file_ref idref="fl-6"/>
      </object_component>
      <object_component id="oc-8aa">
         <name>.data</name>
         <load_address>0x2ef8</load_address>
         <run_address>0x2ef8</run_address>
         <size>0x2</size>
         <input_file_ref idref="fl-8"/>
      </object_component>
      <object_component id="oc-860">
         <name>.data</name>
         <load_address>0x2efa</load_address>
         <run_address>0x2efa</run_address>
         <size>0x1</size>
         <input_file_ref idref="fl-9"/>
      </object_component>
      <object_component id="oc-898">
         <name>.data:log_level_str</name>
         <load_address>0x2ed0</load_address>
         <run_address>0x2ed0</run_address>
         <size>0x14</size>
         <input_file_ref idref="fl-a"/>
      </object_component>
      <object_component id="oc-8f2">
         <name>.data</name>
         <load_address>0x2ef4</load_address>
         <run_address>0x2ef4</run_address>
         <size>0x4</size>
         <input_file_ref idref="fl-a"/>
      </object_component>
      <object_component id="oc-535">
         <name>.data</name>
         <load_address>0x2efb</load_address>
         <run_address>0x2efb</run_address>
         <size>0x1</size>
         <input_file_ref idref="fl-b"/>
      </object_component>
      <object_component id="oc-619">
         <name>.data</name>
         <load_address>0x2efc</load_address>
         <run_address>0x2efc</run_address>
         <size>0x1</size>
         <input_file_ref idref="fl-d"/>
      </object_component>
      <object_component id="oc-56d">
         <name>.data</name>
         <load_address>0x2efd</load_address>
         <run_address>0x2efd</run_address>
         <size>0x1</size>
         <input_file_ref idref="fl-e"/>
      </object_component>
      <object_component id="oc-5e5">
         <name>.data:_lock</name>
         <load_address>0x2ee4</load_address>
         <run_address>0x2ee4</run_address>
         <size>0x4</size>
         <input_file_ref idref="fl-5f"/>
      </object_component>
      <object_component id="oc-5ee">
         <name>.data:_unlock</name>
         <load_address>0x2ee8</load_address>
         <run_address>0x2ee8</run_address>
         <size>0x4</size>
         <input_file_ref idref="fl-5f"/>
      </object_component>
      <object_component id="oc-8bf">
         <name>.data</name>
         <load_address>0x2ef0</load_address>
         <run_address>0x2ef0</run_address>
         <size>0x4</size>
         <input_file_ref idref="fl-62"/>
      </object_component>
      <object_component id="oc-37d">
         <name>.stack</name>
         <uninitialized>true</uninitialized>
         <run_address>0x4360</run_address>
         <size>0x4</size>
         <input_file_ref idref="fl-54"/>
      </object_component>
      <object_component id="oc-9b5">
         <name>.stack</name>
         <uninitialized>true</uninitialized>
         <run_address>0x4360</run_address>
         <size>0x0</size>
      </object_component>
      <object_component id="oc-8f6">
         <name>.text:SystemCallback</name>
         <load_address>0x10000</load_address>
         <run_address>0x10000</run_address>
         <size>0x254</size>
         <input_file_ref idref="fl-a"/>
      </object_component>
      <object_component id="oc-575">
         <name>.text:hal_UART_Init</name>
         <load_address>0x10254</load_address>
         <run_address>0x10254</run_address>
         <size>0x200</size>
         <input_file_ref idref="fl-7"/>
      </object_component>
      <object_component id="oc-7c0">
         <name>.text:Game_Callback</name>
         <load_address>0x10454</load_address>
         <run_address>0x10454</run_address>
         <size>0x1e6</size>
         <input_file_ref idref="fl-6"/>
      </object_component>
      <object_component id="oc-5af">
         <name>.text:Buffer_vprintf</name>
         <load_address>0x1063a</load_address>
         <run_address>0x1063a</run_address>
         <size>0x1d4</size>
         <input_file_ref idref="fl-5"/>
      </object_component>
      <object_component id="oc-56e">
         <name>.text:UART_Tick</name>
         <load_address>0x1080e</load_address>
         <run_address>0x1080e</run_address>
         <size>0x1a0</size>
         <input_file_ref idref="fl-e"/>
      </object_component>
      <object_component id="oc-933">
         <name>.text:ProcessMsg</name>
         <load_address>0x109ae</load_address>
         <run_address>0x109ae</run_address>
         <size>0x134</size>
         <input_file_ref idref="fl-a"/>
      </object_component>
      <object_component id="oc-710">
         <name>.text:Link</name>
         <load_address>0x10ae2</load_address>
         <run_address>0x10ae2</run_address>
         <size>0x118</size>
         <input_file_ref idref="fl-8"/>
      </object_component>
      <object_component id="oc-719">
         <name>.text:Unlink</name>
         <load_address>0x10bfa</load_address>
         <run_address>0x10bfa</run_address>
         <size>0xf8</size>
         <input_file_ref idref="fl-8"/>
      </object_component>
      <object_component id="oc-697">
         <name>.text:SendEnemy</name>
         <load_address>0x10cf2</load_address>
         <run_address>0x10cf2</run_address>
         <size>0xec</size>
         <input_file_ref idref="fl-3"/>
      </object_component>
      <object_component id="oc-788">
         <name>.text:Fire</name>
         <load_address>0x10dde</load_address>
         <run_address>0x10dde</run_address>
         <size>0xca</size>
         <input_file_ref idref="fl-3"/>
      </object_component>
      <object_component id="oc-5da">
         <name>.text:List_LinkItem</name>
         <load_address>0x10ea8</load_address>
         <run_address>0x10ea8</run_address>
         <size>0xbe</size>
         <input_file_ref idref="fl-8"/>
      </object_component>
      <object_component id="oc-4bc">
         <name>.text:SystemTick</name>
         <load_address>0x10f66</load_address>
         <run_address>0x10f66</run_address>
         <size>0xb8</size>
         <input_file_ref idref="fl-b"/>
      </object_component>
      <object_component id="oc-809">
         <name>.text</name>
         <load_address>0x1101e</load_address>
         <run_address>0x1101e</run_address>
         <size>0xb8</size>
         <input_file_ref idref="fl-33"/>
      </object_component>
      <object_component id="oc-6d7">
         <name>.text:Buffer_HexN</name>
         <load_address>0x110d6</load_address>
         <run_address>0x110d6</run_address>
         <size>0xb4</size>
         <input_file_ref idref="fl-5"/>
      </object_component>
      <object_component id="oc-673">
         <name>.text:Game_DrawRect</name>
         <load_address>0x1118a</load_address>
         <run_address>0x1118a</run_address>
         <size>0xb0</size>
         <input_file_ref idref="fl-6"/>
      </object_component>
      <object_component id="oc-5bc">
         <name>.text:List_Link</name>
         <load_address>0x1123a</load_address>
         <run_address>0x1123a</run_address>
         <size>0xa8</size>
         <input_file_ref idref="fl-8"/>
      </object_component>
      <object_component id="oc-589">
         <name>.text:Play</name>
         <load_address>0x112e2</load_address>
         <run_address>0x112e2</run_address>
         <size>0xa8</size>
         <input_file_ref idref="fl-3"/>
      </object_component>
      <object_component id="oc-826">
         <name>.text:FindUnusedLink</name>
         <load_address>0x1138a</load_address>
         <run_address>0x1138a</run_address>
         <size>0x9e</size>
         <input_file_ref idref="fl-8"/>
      </object_component>
      <object_component id="oc-4a3">
         <name>.text:UART_Init</name>
         <load_address>0x11428</load_address>
         <run_address>0x11428</run_address>
         <size>0x9e</size>
         <input_file_ref idref="fl-e"/>
      </object_component>
      <object_component id="oc-701">
         <name>.text:Buffer_Float</name>
         <load_address>0x114c6</load_address>
         <run_address>0x114c6</run_address>
         <size>0x9c</size>
         <input_file_ref idref="fl-5"/>
      </object_component>
      <object_component id="oc-911">
         <name>.text:UART_UnregisterReceiver</name>
         <load_address>0x11562</load_address>
         <run_address>0x11562</run_address>
         <size>0x9c</size>
         <input_file_ref idref="fl-e"/>
      </object_component>
      <object_component id="oc-450">
         <name>.text:Buffer_Enqueue</name>
         <load_address>0x115fe</load_address>
         <run_address>0x115fe</run_address>
         <size>0x90</size>
         <input_file_ref idref="fl-4"/>
      </object_component>
      <object_component id="oc-541">
         <name>.text:List_Init</name>
         <load_address>0x1168e</load_address>
         <run_address>0x1168e</run_address>
         <size>0x8c</size>
         <input_file_ref idref="fl-8"/>
      </object_component>
      <object_component id="oc-8d1">
         <name>.text:Task_Remove</name>
         <load_address>0x1171a</load_address>
         <run_address>0x1171a</run_address>
         <size>0x8c</size>
         <input_file_ref idref="fl-b"/>
      </object_component>
      <object_component id="oc-6fb">
         <name>.text:__mspabi_cvtdf</name>
         <load_address>0x117a6</load_address>
         <run_address>0x117a6</run_address>
         <size>0x8c</size>
         <input_file_ref idref="fl-5d"/>
      </object_component>
      <object_component id="oc-8fc">
         <name>.text:Receiver</name>
         <load_address>0x11832</load_address>
         <run_address>0x11832</run_address>
         <size>0x80</size>
         <input_file_ref idref="fl-a"/>
      </object_component>
      <object_component id="oc-80e">
         <name>.text</name>
         <load_address>0x118b2</load_address>
         <run_address>0x118b2</run_address>
         <size>0x7e</size>
         <input_file_ref idref="fl-35"/>
      </object_component>
      <object_component id="oc-7c6">
         <name>.text:Subsystem_Init</name>
         <load_address>0x11930</load_address>
         <run_address>0x11930</run_address>
         <size>0x7c</size>
         <input_file_ref idref="fl-a"/>
      </object_component>
      <object_component id="oc-497">
         <name>.text:SetClk24MHz</name>
         <load_address>0x119ac</load_address>
         <run_address>0x119ac</run_address>
         <size>0x78</size>
         <input_file_ref idref="fl-2"/>
      </object_component>
      <object_component id="oc-6d">
         <name>.text:decompress:lzss:__TI_decompress_lzss</name>
         <load_address>0x11a24</load_address>
         <run_address>0x11a24</run_address>
         <size>0x76</size>
         <input_file_ref idref="fl-5c"/>
      </object_component>
      <object_component id="oc-49d">
         <name>.text:Task_Init</name>
         <load_address>0x11a9a</load_address>
         <run_address>0x11a9a</run_address>
         <size>0x70</size>
         <input_file_ref idref="fl-b"/>
      </object_component>
      <object_component id="oc-804">
         <name>.text</name>
         <load_address>0x11b0a</load_address>
         <run_address>0x11b0a</run_address>
         <size>0x68</size>
         <input_file_ref idref="fl-34"/>
      </object_component>
      <object_component id="oc-87a">
         <name>.text:CheckCollisionEnemy</name>
         <load_address>0x11b72</load_address>
         <run_address>0x11b72</run_address>
         <size>0x66</size>
         <input_file_ref idref="fl-3"/>
      </object_component>
      <object_component id="oc-8b4">
         <name>.text:CheckCollisionShot</name>
         <load_address>0x11bd8</load_address>
         <run_address>0x11bd8</run_address>
         <size>0x66</size>
         <input_file_ref idref="fl-3"/>
      </object_component>
      <object_component id="oc-720">
         <name>.text:FindLinkByItem</name>
         <load_address>0x11c3e</load_address>
         <run_address>0x11c3e</run_address>
         <size>0x64</size>
         <input_file_ref idref="fl-8"/>
      </object_component>
      <object_component id="oc-6e3">
         <name>.text:Buffer_uint32</name>
         <load_address>0x11ca2</load_address>
         <run_address>0x11ca2</run_address>
         <size>0x62</size>
         <input_file_ref idref="fl-5"/>
      </object_component>
      <object_component id="oc-796">
         <name>.text:Cursor</name>
         <load_address>0x11d04</load_address>
         <run_address>0x11d04</run_address>
         <size>0x5a</size>
         <input_file_ref idref="fl-6"/>
      </object_component>
      <object_component id="oc-595">
         <name>.text:Game_Register</name>
         <load_address>0x11d5e</load_address>
         <run_address>0x11d5e</run_address>
         <size>0x5a</size>
         <input_file_ref idref="fl-6"/>
      </object_component>
      <object_component id="oc-922">
         <name>.text:Subsystem_Write</name>
         <load_address>0x11db8</load_address>
         <run_address>0x11db8</run_address>
         <size>0x5a</size>
         <input_file_ref idref="fl-a"/>
      </object_component>
      <object_component id="oc-59e">
         <name>.text:Callback</name>
         <load_address>0x11e12</load_address>
         <run_address>0x11e12</run_address>
         <size>0x58</size>
         <input_file_ref idref="fl-3"/>
      </object_component>
      <object_component id="oc-64f">
         <name>.text</name>
         <load_address>0x11e6a</load_address>
         <run_address>0x11e6a</run_address>
         <size>0x58</size>
         <input_file_ref idref="fl-32"/>
      </object_component>
      <object_component id="oc-874">
         <name>.text:GameOver</name>
         <load_address>0x11ec2</load_address>
         <run_address>0x11ec2</run_address>
         <size>0x56</size>
         <input_file_ref idref="fl-3"/>
      </object_component>
      <object_component id="oc-5b5">
         <name>.text:UART_Tx_Start</name>
         <load_address>0x11f18</load_address>
         <run_address>0x11f18</run_address>
         <size>0x56</size>
         <input_file_ref idref="fl-e"/>
      </object_component>
      <object_component id="oc-641">
         <name>.text:List_AddIndirect</name>
         <load_address>0x11f6e</load_address>
         <run_address>0x11f6e</run_address>
         <size>0x54</size>
         <input_file_ref idref="fl-8"/>
      </object_component>
      <object_component id="oc-4e7">
         <name>.text:__TI_auto_init_nobinit_nopinit_hold_wdt:__TI_auto_init_nobinit_nopinit_hold_wdt</name>
         <load_address>0x11fc2</load_address>
         <run_address>0x11fc2</run_address>
         <size>0x54</size>
         <input_file_ref idref="fl-55"/>
      </object_component>
      <object_component id="oc-6e9">
         <name>.text:Buffer_uint16</name>
         <load_address>0x12016</load_address>
         <run_address>0x12016</run_address>
         <size>0x52</size>
         <input_file_ref idref="fl-5"/>
      </object_component>
      <object_component id="oc-685">
         <name>.text:Receiver</name>
         <load_address>0x12068</load_address>
         <run_address>0x12068</run_address>
         <size>0x50</size>
         <input_file_ref idref="fl-3"/>
      </object_component>
      <object_component id="oc-840">
         <name>.text:MoveUpShot</name>
         <load_address>0x120b8</load_address>
         <run_address>0x120b8</run_address>
         <size>0x4e</size>
         <input_file_ref idref="fl-3"/>
      </object_component>
      <object_component id="oc-52e">
         <name>.text:SetVcoreUp</name>
         <load_address>0x12106</load_address>
         <run_address>0x12106</run_address>
         <size>0x4e</size>
         <input_file_ref idref="fl-2"/>
      </object_component>
      <object_component id="oc-404">
         <name>.text:UART_Tx_Handler</name>
         <load_address>0x12154</load_address>
         <run_address>0x12154</run_address>
         <size>0x4e</size>
         <input_file_ref idref="fl-e"/>
      </object_component>
      <object_component id="oc-6bd">
         <name>.text:Game_Log</name>
         <load_address>0x121a2</load_address>
         <run_address>0x121a2</run_address>
         <size>0x4c</size>
         <input_file_ref idref="fl-6"/>
      </object_component>
      <object_component id="oc-88a">
         <name>.text:Subsystem_SystemInit</name>
         <load_address>0x121ee</load_address>
         <run_address>0x121ee</run_address>
         <size>0x4c</size>
         <input_file_ref idref="fl-a"/>
      </object_component>
      <object_component id="oc-566">
         <name>.text:Task_Schedule</name>
         <load_address>0x1223a</load_address>
         <run_address>0x1223a</run_address>
         <size>0x4a</size>
         <input_file_ref idref="fl-b"/>
      </object_component>
      <object_component id="oc-7e2">
         <name>.text:Log_Header</name>
         <load_address>0x12284</load_address>
         <run_address>0x12284</run_address>
         <size>0x44</size>
         <input_file_ref idref="fl-a"/>
      </object_component>
      <object_component id="oc-560">
         <name>.text:RollTimer</name>
         <load_address>0x122c8</load_address>
         <run_address>0x122c8</run_address>
         <size>0x44</size>
         <input_file_ref idref="fl-b"/>
      </object_component>
      <object_component id="oc-78f">
         <name>.text:UART_RegisterReceiver</name>
         <load_address>0x1230c</load_address>
         <run_address>0x1230c</run_address>
         <size>0x44</size>
         <input_file_ref idref="fl-e"/>
      </object_component>
      <object_component id="oc-41d">
         <name>.text:main</name>
         <load_address>0x12350</load_address>
         <run_address>0x12350</run_address>
         <size>0x40</size>
         <input_file_ref idref="fl-2"/>
      </object_component>
      <object_component id="oc-867">
         <name>.text:rand</name>
         <load_address>0x12390</load_address>
         <run_address>0x12390</run_address>
         <size>0x40</size>
         <input_file_ref idref="fl-62"/>
      </object_component>
      <object_component id="oc-469">
         <name>.text:Buffer_Dequeue</name>
         <load_address>0x123d0</load_address>
         <run_address>0x123d0</run_address>
         <size>0x3e</size>
         <input_file_ref idref="fl-4"/>
      </object_component>
      <object_component id="oc-7a5">
         <name>.text:MoveDownEnemy</name>
         <load_address>0x1240e</load_address>
         <run_address>0x1240e</run_address>
         <size>0x3e</size>
         <input_file_ref idref="fl-3"/>
      </object_component>
      <object_component id="oc-7ab">
         <name>.text:MoveRightEnemy</name>
         <load_address>0x1244c</load_address>
         <run_address>0x1244c</run_address>
         <size>0x3e</size>
         <input_file_ref idref="fl-3"/>
      </object_component>
      <object_component id="oc-82d">
         <name>.text:TimeSince</name>
         <load_address>0x1248a</load_address>
         <run_address>0x1248a</run_address>
         <size>0x3e</size>
         <input_file_ref idref="fl-d"/>
      </object_component>
      <object_component id="oc-3f8">
         <name>.text:UART_Rx_Handler</name>
         <load_address>0x124c8</load_address>
         <run_address>0x124c8</run_address>
         <size>0x3e</size>
         <input_file_ref idref="fl-e"/>
      </object_component>
      <object_component id="oc-7fd">
         <name>.text:l_lsl_const</name>
         <load_address>0x12506</load_address>
         <run_address>0x12506</run_address>
         <size>0x3e</size>
         <input_file_ref idref="fl-66"/>
      </object_component>
      <object_component id="oc-654">
         <name>.text:l_lsr_const</name>
         <load_address>0x12544</load_address>
         <run_address>0x12544</run_address>
         <size>0x3e</size>
         <input_file_ref idref="fl-4c"/>
      </object_component>
      <object_component id="oc-69f">
         <name>.text:Game_Printf</name>
         <load_address>0x12582</load_address>
         <run_address>0x12582</run_address>
         <size>0x3c</size>
         <input_file_ref idref="fl-6"/>
      </object_component>
      <object_component id="oc-79a">
         <name>.text:random_int</name>
         <load_address>0x125be</load_address>
         <run_address>0x125be</run_address>
         <size>0x3a</size>
         <input_file_ref idref="fl-9"/>
      </object_component>
      <object_component id="oc-67f">
         <name>.text:Game_CharXY</name>
         <load_address>0x125f8</load_address>
         <run_address>0x125f8</run_address>
         <size>0x36</size>
         <input_file_ref idref="fl-6"/>
      </object_component>
      <object_component id="oc-6c3">
         <name>.text:strcasecmp</name>
         <load_address>0x1262e</load_address>
         <run_address>0x1262e</run_address>
         <size>0x36</size>
         <input_file_ref idref="fl-63"/>
      </object_component>
      <object_component id="oc-6a6">
         <name>.text:Game_Init</name>
         <load_address>0x12664</load_address>
         <run_address>0x12664</run_address>
         <size>0x34</size>
         <input_file_ref idref="fl-6"/>
      </object_component>
      <object_component id="oc-755">
         <name>.text:GetUnusedLink</name>
         <load_address>0x12698</load_address>
         <run_address>0x12698</run_address>
         <size>0x34</size>
         <input_file_ref idref="fl-8"/>
      </object_component>
      <object_component id="oc-8ae">
         <name>.text:DeleteShot</name>
         <load_address>0x126cc</load_address>
         <run_address>0x126cc</run_address>
         <size>0x32</size>
         <input_file_ref idref="fl-3"/>
      </object_component>
      <object_component id="oc-775">
         <name>.text:Terminal_CharXY</name>
         <load_address>0x126fe</load_address>
         <run_address>0x126fe</run_address>
         <size>0x32</size>
         <input_file_ref idref="fl-c"/>
      </object_component>
      <object_component id="oc-4b6">
         <name>.text:UART_printf</name>
         <load_address>0x12730</load_address>
         <run_address>0x12730</run_address>
         <size>0x32</size>
         <input_file_ref idref="fl-e"/>
      </object_component>
      <object_component id="oc-77c">
         <name>.text:MoveRight</name>
         <load_address>0x12762</load_address>
         <run_address>0x12762</run_address>
         <size>0x2e</size>
         <input_file_ref idref="fl-3"/>
      </object_component>
      <object_component id="oc-7b9">
         <name>.text:UART_vprintf</name>
         <load_address>0x12790</load_address>
         <run_address>0x12790</run_address>
         <size>0x2e</size>
         <input_file_ref idref="fl-e"/>
      </object_component>
      <object_component id="oc-782">
         <name>.text:MoveLeft</name>
         <load_address>0x127be</load_address>
         <run_address>0x127be</run_address>
         <size>0x2c</size>
         <input_file_ref idref="fl-3"/>
      </object_component>
      <object_component id="oc-891">
         <name>.text:Subsystem_GetName</name>
         <load_address>0x127ea</load_address>
         <run_address>0x127ea</run_address>
         <size>0x2c</size>
         <input_file_ref idref="fl-a"/>
      </object_component>
      <object_component id="oc-86d">
         <name>.text</name>
         <load_address>0x12816</load_address>
         <run_address>0x12816</run_address>
         <size>0x2c</size>
         <input_file_ref idref="fl-2f"/>
      </object_component>
      <object_component id="oc-57d">
         <name>.text:Buffer_Init</name>
         <load_address>0x12842</load_address>
         <run_address>0x12842</run_address>
         <size>0x2a</size>
         <input_file_ref idref="fl-4"/>
      </object_component>
      <object_component id="oc-6dd">
         <name>.text:Buffer_int32</name>
         <load_address>0x1286c</load_address>
         <run_address>0x1286c</run_address>
         <size>0x2a</size>
         <input_file_ref idref="fl-5"/>
      </object_component>
      <object_component id="oc-76a">
         <name>.text:Game_IsTransmitting</name>
         <load_address>0x12896</load_address>
         <run_address>0x12896</run_address>
         <size>0x2a</size>
         <input_file_ref idref="fl-6"/>
      </object_component>
      <object_component id="oc-929">
         <name>.text:UART_WriteByte</name>
         <load_address>0x128c0</load_address>
         <run_address>0x128c0</run_address>
         <size>0x2a</size>
         <input_file_ref idref="fl-e"/>
      </object_component>
      <object_component id="oc-764">
         <name>.text:DelayMs</name>
         <load_address>0x128ea</load_address>
         <run_address>0x128ea</run_address>
         <size>0x28</size>
         <input_file_ref idref="fl-d"/>
      </object_component>
      <object_component id="oc-8cb">
         <name>.text:DeleteEnemy</name>
         <load_address>0x12912</load_address>
         <run_address>0x12912</run_address>
         <size>0x24</size>
         <input_file_ref idref="fl-3"/>
      </object_component>
      <object_component id="oc-3b0">
         <name>.text:decompress:ZI:__TI_zero_init</name>
         <load_address>0x12936</load_address>
         <run_address>0x12936</run_address>
         <size>0x24</size>
         <input_file_ref idref="fl-56"/>
      </object_component>
      <object_component id="oc-709">
         <name>.text:hal_UART_TxInterruptEnabled</name>
         <load_address>0x1295a</load_address>
         <run_address>0x1295a</run_address>
         <size>0x24</size>
         <input_file_ref idref="fl-7"/>
      </object_component>
      <object_component id="oc-8c4">
         <name>.text</name>
         <load_address>0x1297e</load_address>
         <run_address>0x1297e</run_address>
         <size>0x24</size>
         <input_file_ref idref="fl-51"/>
      </object_component>
      <object_component id="oc-6f5">
         <name>.text:Buffer_int16</name>
         <load_address>0x129a2</load_address>
         <run_address>0x129a2</run_address>
         <size>0x22</size>
         <input_file_ref idref="fl-5"/>
      </object_component>
      <object_component id="oc-4a9">
         <name>.text:MuhGame_Init</name>
         <load_address>0x129c4</load_address>
         <run_address>0x129c4</run_address>
         <size>0x22</size>
         <input_file_ref idref="fl-3"/>
      </object_component>
      <object_component id="oc-5c2">
         <name>.text:List_GetFirst</name>
         <load_address>0x129e6</load_address>
         <run_address>0x129e6</run_address>
         <size>0x20</size>
         <input_file_ref idref="fl-8"/>
      </object_component>
      <object_component id="oc-45c">
         <name>.text:hal_UART_DataAvailable</name>
         <load_address>0x12a06</load_address>
         <run_address>0x12a06</run_address>
         <size>0x20</size>
         <input_file_ref idref="fl-7"/>
      </object_component>
      <object_component id="oc-475">
         <name>.text:hal_UART_SpaceAvailable</name>
         <load_address>0x12a26</load_address>
         <run_address>0x12a26</run_address>
         <size>0x20</size>
         <input_file_ref idref="fl-7"/>
      </object_component>
      <object_component id="oc-5d4">
         <name>.text:List_Remove</name>
         <load_address>0x12a46</load_address>
         <run_address>0x12a46</run_address>
         <size>0x1e</size>
         <input_file_ref idref="fl-8"/>
      </object_component>
      <object_component id="oc-536">
         <name>.text:Timing_Init</name>
         <load_address>0x12a64</load_address>
         <run_address>0x12a64</run_address>
         <size>0x1e</size>
         <input_file_ref idref="fl-d"/>
      </object_component>
      <object_component id="oc-834">
         <name>.text:UART_IsTransmitting</name>
         <load_address>0x12a82</load_address>
         <run_address>0x12a82</run_address>
         <size>0x1e</size>
         <input_file_ref idref="fl-e"/>
      </object_component>
      <object_component id="oc-848">
         <name>.text:Terminal_HideCursor</name>
         <load_address>0x12aa0</load_address>
         <run_address>0x12aa0</run_address>
         <size>0x1c</size>
         <input_file_ref idref="fl-c"/>
      </object_component>
      <object_component id="oc-85a">
         <name>.text:Terminal_ShowCursor</name>
         <load_address>0x12abc</load_address>
         <run_address>0x12abc</run_address>
         <size>0x1c</size>
         <input_file_ref idref="fl-c"/>
      </object_component>
      <object_component id="oc-44a">
         <name>.text:hal_UART_RxByte</name>
         <load_address>0x12ad8</load_address>
         <run_address>0x12ad8</run_address>
         <size>0x1c</size>
         <input_file_ref idref="fl-7"/>
      </object_component>
      <object_component id="oc-6ef">
         <name>.text:Buffer_Str</name>
         <load_address>0x12af4</load_address>
         <run_address>0x12af4</run_address>
         <size>0x1a</size>
         <input_file_ref idref="fl-5"/>
      </object_component>
      <object_component id="oc-5a4">
         <name>.text:Game_RegisterCallback</name>
         <load_address>0x12b0e</load_address>
         <run_address>0x12b0e</run_address>
         <size>0x1a</size>
         <input_file_ref idref="fl-6"/>
      </object_component>
      <object_component id="oc-547">
         <name>.text:SortTask</name>
         <load_address>0x12b28</load_address>
         <run_address>0x12b28</run_address>
         <size>0x1a</size>
         <input_file_ref idref="fl-b"/>
      </object_component>
      <object_component id="oc-634">
         <name>.text:List_GetNext</name>
         <load_address>0x12b42</load_address>
         <run_address>0x12b42</run_address>
         <size>0x18</size>
         <input_file_ref idref="fl-8"/>
      </object_component>
      <object_component id="oc-61b">
         <name>.text:hal_Timing_Init</name>
         <load_address>0x12b5a</load_address>
         <run_address>0x12b5a</run_address>
         <size>0x18</size>
         <input_file_ref idref="fl-d"/>
      </object_component>
      <object_component id="oc-442">
         <name>.text</name>
         <load_address>0x12b72</load_address>
         <run_address>0x12b72</run_address>
         <size>0x18</size>
         <input_file_ref idref="fl-4e"/>
      </object_component>
      <object_component id="oc-91a">
         <name>.text:Game_Bell</name>
         <load_address>0x12b8a</load_address>
         <run_address>0x12b8a</run_address>
         <size>0x16</size>
         <input_file_ref idref="fl-6"/>
      </object_component>
      <object_component id="oc-66d">
         <name>.text:Game_ClearScreen</name>
         <load_address>0x12ba0</load_address>
         <run_address>0x12ba0</run_address>
         <size>0x16</size>
         <input_file_ref idref="fl-6"/>
      </object_component>
      <object_component id="oc-58f">
         <name>.text:Help</name>
         <load_address>0x12bb6</load_address>
         <run_address>0x12bb6</run_address>
         <size>0x16</size>
         <input_file_ref idref="fl-3"/>
      </object_component>
      <object_component id="oc-7e8">
         <name>.text:LogStr</name>
         <load_address>0x12bcc</load_address>
         <run_address>0x12bcc</run_address>
         <size>0x16</size>
         <input_file_ref idref="fl-a"/>
      </object_component>
      <object_component id="oc-3fe">
         <name>.text:hal_UART_ClearRxIF</name>
         <load_address>0x12be2</load_address>
         <run_address>0x12be2</run_address>
         <size>0x16</size>
         <input_file_ref idref="fl-7"/>
      </object_component>
      <object_component id="oc-649">
         <name>.text:hal_UART_Disable</name>
         <load_address>0x12bf8</load_address>
         <run_address>0x12bf8</run_address>
         <size>0x16</size>
         <input_file_ref idref="fl-7"/>
      </object_component>
      <object_component id="oc-481">
         <name>.text:hal_UART_DisableTxInterrupt</name>
         <load_address>0x12c0e</load_address>
         <run_address>0x12c0e</run_address>
         <size>0x16</size>
         <input_file_ref idref="fl-7"/>
      </object_component>
      <object_component id="oc-659">
         <name>.text:hal_UART_Enable</name>
         <load_address>0x12c24</load_address>
         <run_address>0x12c24</run_address>
         <size>0x16</size>
         <input_file_ref idref="fl-7"/>
      </object_component>
      <object_component id="oc-665">
         <name>.text:hal_UART_EnableRxInterrupt</name>
         <load_address>0x12c3a</load_address>
         <run_address>0x12c3a</run_address>
         <size>0x16</size>
         <input_file_ref idref="fl-7"/>
      </object_component>
      <object_component id="oc-65f">
         <name>.text:hal_UART_EnableTxInterrupt</name>
         <load_address>0x12c50</load_address>
         <run_address>0x12c50</run_address>
         <size>0x16</size>
         <input_file_ref idref="fl-7"/>
      </object_component>
      <object_component id="oc-46f">
         <name>.text:hal_UART_TxByte</name>
         <load_address>0x12c66</load_address>
         <run_address>0x12c66</run_address>
         <size>0x16</size>
         <input_file_ref idref="fl-7"/>
      </object_component>
      <object_component id="oc-7a0">
         <name>.text</name>
         <load_address>0x12c7c</load_address>
         <run_address>0x12c7c</run_address>
         <size>0x16</size>
         <input_file_ref idref="fl-30"/>
      </object_component>
      <object_component id="oc-861">
         <name>.text:srand</name>
         <load_address>0x12c92</load_address>
         <run_address>0x12c92</run_address>
         <size>0x16</size>
         <input_file_ref idref="fl-62"/>
      </object_component>
      <object_component id="oc-63a">
         <name>.text:Timing_Roll</name>
         <load_address>0x12ca8</load_address>
         <run_address>0x12ca8</run_address>
         <size>0x14</size>
         <input_file_ref idref="fl-d"/>
      </object_component>
      <object_component id="oc-38c">
         <name>.text:memcpy</name>
         <load_address>0x12cbc</load_address>
         <run_address>0x12cbc</run_address>
         <size>0x14</size>
         <input_file_ref idref="fl-61"/>
      </object_component>
      <object_component id="oc-73">
         <name>.text:decompress:none:__TI_decompress_none</name>
         <load_address>0x12cd0</load_address>
         <run_address>0x12cd0</run_address>
         <size>0x12</size>
         <input_file_ref idref="fl-5b"/>
      </object_component>
      <object_component id="oc-7ef">
         <name>.text:tolower</name>
         <load_address>0x12ce2</load_address>
         <run_address>0x12ce2</run_address>
         <size>0x12</size>
         <input_file_ref idref="fl-65"/>
      </object_component>
      <object_component id="oc-553">
         <name>.text:IdentifyTask</name>
         <load_address>0x12cf4</load_address>
         <run_address>0x12cf4</run_address>
         <size>0xe</size>
         <input_file_ref idref="fl-b"/>
      </object_component>
      <object_component id="oc-5ce">
         <name>.text:List_UnlinkFirst</name>
         <load_address>0x12d02</load_address>
         <run_address>0x12d02</run_address>
         <size>0xc</size>
         <input_file_ref idref="fl-8"/>
      </object_component>
      <object_component id="oc-68b">
         <name>.text:Game_RegisterPlayer1Receiver</name>
         <load_address>0x12d0e</load_address>
         <run_address>0x12d0e</run_address>
         <size>0xa</size>
         <input_file_ref idref="fl-6"/>
      </object_component>
      <object_component id="oc-8d7">
         <name>.text:Game_UnregisterPlayer1Receiver</name>
         <load_address>0x12d18</load_address>
         <run_address>0x12d18</run_address>
         <size>0xa</size>
         <input_file_ref idref="fl-6"/>
      </object_component>
      <object_component id="oc-8ea">
         <name>.text:ScorePoint</name>
         <load_address>0x12d22</load_address>
         <run_address>0x12d22</run_address>
         <size>0xa</size>
         <input_file_ref idref="fl-3"/>
      </object_component>
      <object_component id="oc-5c8">
         <name>.text:TimeNow</name>
         <load_address>0x12d2c</load_address>
         <run_address>0x12d2c</run_address>
         <size>0xa</size>
         <input_file_ref idref="fl-d"/>
      </object_component>
      <object_component id="oc-456">
         <name>.text</name>
         <load_address>0x12d36</load_address>
         <run_address>0x12d36</run_address>
         <size>0xa</size>
         <input_file_ref idref="fl-4b"/>
      </object_component>
      <object_component id="oc-691">
         <name>.text:Game_HideCursor</name>
         <load_address>0x12d40</load_address>
         <run_address>0x12d40</run_address>
         <size>0x8</size>
         <input_file_ref idref="fl-6"/>
      </object_component>
      <object_component id="oc-8dd">
         <name>.text:Game_ShowCursor</name>
         <load_address>0x12d48</load_address>
         <run_address>0x12d48</run_address>
         <size>0x8</size>
         <input_file_ref idref="fl-6"/>
      </object_component>
      <object_component id="oc-84e">
         <name>.text:Log_GetEcho</name>
         <load_address>0x12d50</load_address>
         <run_address>0x12d50</run_address>
         <size>0x8</size>
         <input_file_ref idref="fl-a"/>
      </object_component>
      <object_component id="oc-559">
         <name>.text:List_SetIdentifyFunction</name>
         <load_address>0x12d58</load_address>
         <run_address>0x12d58</run_address>
         <size>0x6</size>
         <input_file_ref idref="fl-8"/>
      </object_component>
      <object_component id="oc-54d">
         <name>.text:List_SetSortFunction</name>
         <load_address>0x12d5e</load_address>
         <run_address>0x12d5e</run_address>
         <size>0x6</size>
         <input_file_ref idref="fl-8"/>
      </object_component>
      <object_component id="oc-854">
         <name>.text:Log_EchoOff</name>
         <load_address>0x12d64</load_address>
         <run_address>0x12d64</run_address>
         <size>0x6</size>
         <input_file_ref idref="fl-a"/>
      </object_component>
      <object_component id="oc-4af">
         <name>.text:Log_EchoOn</name>
         <load_address>0x12d6a</load_address>
         <run_address>0x12d6a</run_address>
         <size>0x6</size>
         <input_file_ref idref="fl-a"/>
      </object_component>
      <object_component id="oc-4c3">
         <name>.text:abort</name>
         <load_address>0x12d70</load_address>
         <run_address>0x12d70</run_address>
         <size>0x6</size>
         <input_file_ref idref="fl-5e"/>
      </object_component>
      <object_component id="oc-47b">
         <name>.text:Buffer_GetSize</name>
         <load_address>0x12d76</load_address>
         <run_address>0x12d76</run_address>
         <size>0x4</size>
         <input_file_ref idref="fl-4"/>
      </object_component>
      <object_component id="oc-883">
         <name>.text:Play</name>
         <load_address>0x12d7a</load_address>
         <run_address>0x12d7a</run_address>
         <size>0x4</size>
         <input_file_ref idref="fl-6"/>
      </object_component>
      <object_component id="oc-417">
         <name>.text:_system_pre_init</name>
         <load_address>0x12d7e</load_address>
         <run_address>0x12d7e</run_address>
         <size>0x4</size>
         <input_file_ref idref="fl-59"/>
      </object_component>
      <object_component id="oc-8e3">
         <name>.text:Game_GameOver</name>
         <load_address>0x12d82</load_address>
         <run_address>0x12d82</run_address>
         <size>0x2</size>
         <input_file_ref idref="fl-6"/>
      </object_component>
      <object_component id="oc-72a">
         <name>.text:_nop</name>
         <load_address>0x12d84</load_address>
         <run_address>0x12d84</run_address>
         <size>0x2</size>
         <input_file_ref idref="fl-5f"/>
      </object_component>
      <object_component id="oc-5f3">
         <name>.text:_system_post_cinit</name>
         <load_address>0x12d86</load_address>
         <run_address>0x12d86</run_address>
         <size>0x2</size>
         <input_file_ref idref="fl-5a"/>
      </object_component>
      <object_component id="oc-3bc">
         <name>.text:_isr:_c_int00_noargs</name>
         <load_address>0x4400</load_address>
         <run_address>0x4400</run_address>
         <size>0x1c</size>
         <input_file_ref idref="fl-54"/>
      </object_component>
      <object_component id="oc-39e">
         <name>.text:_isr:_UART1_ISR</name>
         <load_address>0x441c</load_address>
         <run_address>0x441c</run_address>
         <size>0x18</size>
         <input_file_ref idref="fl-7"/>
      </object_component>
      <object_component id="oc-3a4">
         <name>.text:_isr:TIMER0_A0_ISR</name>
         <load_address>0x4434</load_address>
         <run_address>0x4434</run_address>
         <size>0xe</size>
         <input_file_ref idref="fl-d"/>
      </object_component>
      <object_component id="oc-399">
         <name>.text:_isr:__TI_ISR_TRAP</name>
         <load_address>0x4442</load_address>
         <run_address>0x4442</run_address>
         <size>0x8</size>
         <input_file_ref idref="fl-4a"/>
      </object_component>
      <object_component id="oc-9b4">
         <name>.cinit..data.load</name>
         <load_address>0x483a</load_address>
         <run_address>0x483a</run_address>
         <size>0x25</size>
      </object_component>
      <object_component id="oc-9b1">
         <name>__TI_handler_table</name>
         <load_address>0x4860</load_address>
         <run_address>0x4860</run_address>
         <size>0xc</size>
      </object_component>
      <object_component id="oc-9b3">
         <name>.cinit..bss.load</name>
         <load_address>0x486c</load_address>
         <run_address>0x486c</run_address>
         <size>0x6</size>
      </object_component>
      <object_component id="oc-9b2">
         <name>__TI_cinit_table</name>
         <load_address>0x4872</load_address>
         <run_address>0x4872</run_address>
         <size>0x10</size>
      </object_component>
      <object_component id="oc-762">
         <name>.const:.string</name>
         <load_address>0x444a</load_address>
         <run_address>0x444a</run_address>
         <size>0x116</size>
         <input_file_ref idref="fl-6"/>
      </object_component>
      <object_component id="oc-89d">
         <name>.const:.string:_ctypes_</name>
         <load_address>0x4560</load_address>
         <run_address>0x4560</run_address>
         <size>0x101</size>
         <input_file_ref idref="fl-69"/>
      </object_component>
      <object_component id="oc-588">
         <name>.const:.string</name>
         <load_address>0x4662</load_address>
         <run_address>0x4662</run_address>
         <size>0xce</size>
         <input_file_ref idref="fl-3"/>
      </object_component>
      <object_component id="oc-897">
         <name>.const:.string</name>
         <load_address>0x4730</load_address>
         <run_address>0x4730</run_address>
         <size>0xc4</size>
         <input_file_ref idref="fl-a"/>
      </object_component>
      <object_component id="oc-83b">
         <name>.const:.string</name>
         <load_address>0x47f4</load_address>
         <run_address>0x47f4</run_address>
         <size>0x30</size>
         <input_file_ref idref="fl-c"/>
      </object_component>
      <object_component id="oc-4b5">
         <name>.const:.string</name>
         <load_address>0x4824</load_address>
         <run_address>0x4824</run_address>
         <size>0x16</size>
         <input_file_ref idref="fl-2"/>
      </object_component>
      <object_component id="oc-943">
         <name>.binit</name>
         <load_address>0x4400</load_address>
         <run_address>0x4400</run_address>
         <size>0x0</size>
      </object_component>
      <object_component id="oc-79">
         <name>.int41</name>
         <load_address>0xffd2</load_address>
         <run_address>0xffd2</run_address>
         <size>0x2</size>
         <input_file_ref idref="fl-36"/>
      </object_component>
      <object_component id="oc-7a">
         <name>.int42</name>
         <load_address>0xffd4</load_address>
         <run_address>0xffd4</run_address>
         <size>0x2</size>
         <input_file_ref idref="fl-37"/>
      </object_component>
      <object_component id="oc-7b">
         <name>.int43</name>
         <load_address>0xffd6</load_address>
         <run_address>0xffd6</run_address>
         <size>0x2</size>
         <input_file_ref idref="fl-38"/>
      </object_component>
      <object_component id="oc-7c">
         <name>.int44</name>
         <load_address>0xffd8</load_address>
         <run_address>0xffd8</run_address>
         <size>0x2</size>
         <input_file_ref idref="fl-39"/>
      </object_component>
      <object_component id="oc-7d">
         <name>.int45</name>
         <load_address>0xffda</load_address>
         <run_address>0xffda</run_address>
         <size>0x2</size>
         <input_file_ref idref="fl-3a"/>
      </object_component>
      <object_component id="oc-7e">
         <name>.int46</name>
         <load_address>0xffdc</load_address>
         <run_address>0xffdc</run_address>
         <size>0x2</size>
         <input_file_ref idref="fl-7"/>
      </object_component>
      <object_component id="oc-7f">
         <name>.int47</name>
         <load_address>0xffde</load_address>
         <run_address>0xffde</run_address>
         <size>0x2</size>
         <input_file_ref idref="fl-3b"/>
      </object_component>
      <object_component id="oc-80">
         <name>.int48</name>
         <load_address>0xffe0</load_address>
         <run_address>0xffe0</run_address>
         <size>0x2</size>
         <input_file_ref idref="fl-3c"/>
      </object_component>
      <object_component id="oc-81">
         <name>.int49</name>
         <load_address>0xffe2</load_address>
         <run_address>0xffe2</run_address>
         <size>0x2</size>
         <input_file_ref idref="fl-3d"/>
      </object_component>
      <object_component id="oc-82">
         <name>.int50</name>
         <load_address>0xffe4</load_address>
         <run_address>0xffe4</run_address>
         <size>0x2</size>
         <input_file_ref idref="fl-3e"/>
      </object_component>
      <object_component id="oc-83">
         <name>.int51</name>
         <load_address>0xffe6</load_address>
         <run_address>0xffe6</run_address>
         <size>0x2</size>
         <input_file_ref idref="fl-3f"/>
      </object_component>
      <object_component id="oc-84">
         <name>.int52</name>
         <load_address>0xffe8</load_address>
         <run_address>0xffe8</run_address>
         <size>0x2</size>
         <input_file_ref idref="fl-40"/>
      </object_component>
      <object_component id="oc-85">
         <name>.int53</name>
         <load_address>0xffea</load_address>
         <run_address>0xffea</run_address>
         <size>0x2</size>
         <input_file_ref idref="fl-d"/>
      </object_component>
      <object_component id="oc-86">
         <name>.int54</name>
         <load_address>0xffec</load_address>
         <run_address>0xffec</run_address>
         <size>0x2</size>
         <input_file_ref idref="fl-41"/>
      </object_component>
      <object_component id="oc-87">
         <name>.int55</name>
         <load_address>0xffee</load_address>
         <run_address>0xffee</run_address>
         <size>0x2</size>
         <input_file_ref idref="fl-42"/>
      </object_component>
      <object_component id="oc-88">
         <name>.int56</name>
         <load_address>0xfff0</load_address>
         <run_address>0xfff0</run_address>
         <size>0x2</size>
         <input_file_ref idref="fl-43"/>
      </object_component>
      <object_component id="oc-89">
         <name>.int57</name>
         <load_address>0xfff2</load_address>
         <run_address>0xfff2</run_address>
         <size>0x2</size>
         <input_file_ref idref="fl-44"/>
      </object_component>
      <object_component id="oc-8a">
         <name>.int58</name>
         <load_address>0xfff4</load_address>
         <run_address>0xfff4</run_address>
         <size>0x2</size>
         <input_file_ref idref="fl-45"/>
      </object_component>
      <object_component id="oc-8b">
         <name>.int59</name>
         <load_address>0xfff6</load_address>
         <run_address>0xfff6</run_address>
         <size>0x2</size>
         <input_file_ref idref="fl-46"/>
      </object_component>
      <object_component id="oc-8c">
         <name>.int60</name>
         <load_address>0xfff8</load_address>
         <run_address>0xfff8</run_address>
         <size>0x2</size>
         <input_file_ref idref="fl-47"/>
      </object_component>
      <object_component id="oc-8d">
         <name>.int61</name>
         <load_address>0xfffa</load_address>
         <run_address>0xfffa</run_address>
         <size>0x2</size>
         <input_file_ref idref="fl-48"/>
      </object_component>
      <object_component id="oc-8e">
         <name>.int62</name>
         <load_address>0xfffc</load_address>
         <run_address>0xfffc</run_address>
         <size>0x2</size>
         <input_file_ref idref="fl-49"/>
      </object_component>
      <object_component id="oc-380">
         <name>.reset</name>
         <load_address>0xfffe</load_address>
         <run_address>0xfffe</run_address>
         <size>0x2</size>
         <input_file_ref idref="fl-54"/>
      </object_component>
      <object_component id="oc-52d">
         <name>.debug_info</name>
         <load_address>0x0</load_address>
         <run_address>0x0</run_address>
         <size>0x5ae</size>
         <input_file_ref idref="fl-2"/>
      </object_component>
      <object_component id="oc-52f">
         <name>.debug_info</name>
         <load_address>0x5ae</load_address>
         <run_address>0x5ae</run_address>
         <size>0x16a</size>
         <input_file_ref idref="fl-2"/>
      </object_component>
      <object_component id="oc-498">
         <name>.debug_info</name>
         <load_address>0x718</load_address>
         <run_address>0x718</run_address>
         <size>0x179</size>
         <input_file_ref idref="fl-2"/>
      </object_component>
      <object_component id="oc-41e">
         <name>.debug_info</name>
         <load_address>0x891</load_address>
         <run_address>0x891</run_address>
         <size>0x1af</size>
         <input_file_ref idref="fl-2"/>
      </object_component>
      <object_component id="oc-48f">
         <name>.debug_info</name>
         <load_address>0xa40</load_address>
         <run_address>0xa40</run_address>
         <size>0x26b</size>
         <input_file_ref idref="fl-2"/>
      </object_component>
      <object_component id="oc-48a">
         <name>.debug_info</name>
         <load_address>0xcab</load_address>
         <run_address>0xcab</run_address>
         <size>0x757</size>
         <input_file_ref idref="fl-2"/>
      </object_component>
      <object_component id="oc-6cd">
         <name>.debug_info</name>
         <load_address>0x1402</load_address>
         <run_address>0x1402</run_address>
         <size>0xb1</size>
         <input_file_ref idref="fl-2"/>
      </object_component>
      <object_component id="oc-50f">
         <name>.debug_info</name>
         <load_address>0x14b3</load_address>
         <run_address>0x14b3</run_address>
         <size>0xd6</size>
         <input_file_ref idref="fl-2"/>
      </object_component>
      <object_component id="oc-387">
         <name>.debug_info</name>
         <load_address>0x1589</load_address>
         <run_address>0x1589</run_address>
         <size>0x84</size>
         <input_file_ref idref="fl-2"/>
      </object_component>
      <object_component id="oc-50a">
         <name>.debug_info</name>
         <load_address>0x160d</load_address>
         <run_address>0x160d</run_address>
         <size>0x39</size>
         <input_file_ref idref="fl-2"/>
      </object_component>
      <object_component id="oc-523">
         <name>.debug_info</name>
         <load_address>0x1646</load_address>
         <run_address>0x1646</run_address>
         <size>0x275</size>
         <input_file_ref idref="fl-2"/>
      </object_component>
      <object_component id="oc-463">
         <name>.debug_info</name>
         <load_address>0x18bb</load_address>
         <run_address>0x18bb</run_address>
         <size>0xbb</size>
         <input_file_ref idref="fl-2"/>
      </object_component>
      <object_component id="oc-505">
         <name>.debug_info</name>
         <load_address>0x1976</load_address>
         <run_address>0x1976</run_address>
         <size>0x2c</size>
         <input_file_ref idref="fl-2"/>
      </object_component>
      <object_component id="oc-7d3">
         <name>.debug_info</name>
         <load_address>0x19a2</load_address>
         <run_address>0x19a2</run_address>
         <size>0x5a</size>
         <input_file_ref idref="fl-2"/>
      </object_component>
      <object_component id="oc-519">
         <name>.debug_info</name>
         <load_address>0x19fc</load_address>
         <run_address>0x19fc</run_address>
         <size>0x5a</size>
         <input_file_ref idref="fl-2"/>
      </object_component>
      <object_component id="oc-69e">
         <name>.debug_info</name>
         <load_address>0x1a56</load_address>
         <run_address>0x1a56</run_address>
         <size>0x6af</size>
         <input_file_ref idref="fl-3"/>
      </object_component>
      <object_component id="oc-67d">
         <name>.debug_info</name>
         <load_address>0x2105</load_address>
         <run_address>0x2105</run_address>
         <size>0x16f</size>
         <input_file_ref idref="fl-3"/>
      </object_component>
      <object_component id="oc-67a">
         <name>.debug_info</name>
         <load_address>0x2274</load_address>
         <run_address>0x2274</run_address>
         <size>0x16b</size>
         <input_file_ref idref="fl-3"/>
      </object_component>
      <object_component id="oc-59c">
         <name>.debug_info</name>
         <load_address>0x23df</load_address>
         <run_address>0x23df</run_address>
         <size>0x169</size>
         <input_file_ref idref="fl-3"/>
      </object_component>
      <object_component id="oc-698">
         <name>.debug_info</name>
         <load_address>0x2548</load_address>
         <run_address>0x2548</run_address>
         <size>0x379</size>
         <input_file_ref idref="fl-3"/>
      </object_component>
      <object_component id="oc-77d">
         <name>.debug_info</name>
         <load_address>0x28c1</load_address>
         <run_address>0x28c1</run_address>
         <size>0x279</size>
         <input_file_ref idref="fl-3"/>
      </object_component>
      <object_component id="oc-783">
         <name>.debug_info</name>
         <load_address>0x2b3a</load_address>
         <run_address>0x2b3a</run_address>
         <size>0x278</size>
         <input_file_ref idref="fl-3"/>
      </object_component>
      <object_component id="oc-789">
         <name>.debug_info</name>
         <load_address>0x2db2</load_address>
         <run_address>0x2db2</run_address>
         <size>0x2e1</size>
         <input_file_ref idref="fl-3"/>
      </object_component>
      <object_component id="oc-686">
         <name>.debug_info</name>
         <load_address>0x3093</load_address>
         <run_address>0x3093</run_address>
         <size>0x293</size>
         <input_file_ref idref="fl-3"/>
      </object_component>
      <object_component id="oc-58a">
         <name>.debug_info</name>
         <load_address>0x3326</load_address>
         <run_address>0x3326</run_address>
         <size>0x2e1</size>
         <input_file_ref idref="fl-3"/>
      </object_component>
      <object_component id="oc-4aa">
         <name>.debug_info</name>
         <load_address>0x3607</load_address>
         <run_address>0x3607</run_address>
         <size>0x28c</size>
         <input_file_ref idref="fl-3"/>
      </object_component>
      <object_component id="oc-8af">
         <name>.debug_info</name>
         <load_address>0x3893</load_address>
         <run_address>0x3893</run_address>
         <size>0x294</size>
         <input_file_ref idref="fl-3"/>
      </object_component>
      <object_component id="oc-8cc">
[...]
         <name>Log_EchoOff</name>
         <value>0x12d64</value>
         <object_component_ref idref="oc-854"/>
      </symbol>
      <symbol id="sm-822">
         <name>Subsystem_Init</name>
         <value>0x11930</value>
         <object_component_ref idref="oc-7c6"/>
      </symbol>
      <symbol id="sm-823">
         <name>Log_GetEcho</name>
         <value>0x12d50</value>
         <object_component_ref idref="oc-84e"/>
      </symbol>
      <symbol id="sm-824">
         <name>Subsystem_Write</name>
         <value>0x11db8</value>
         <object_component_ref idref="oc-922"/>
      </symbol>
      <symbol id="sm-825">
         <name>LogStr</name>
         <value>0x12bcc</value>
         <object_component_ref idref="oc-7e8"/>
      </symbol>
      <symbol id="sm-826">
         <name>Subsystem_GetName</name>
         <value>0x127ea</value>
         <object_component_ref idref="oc-891"/>
      </symbol>
      <symbol id="sm-883">
         <name>task_list_array</name>
         <value>0x2400</value>
      </symbol>
      <symbol id="sm-884">
         <name>task_list_links</name>
         <value>0x2a2c</value>
      </symbol>
      <symbol id="sm-885">
         <name>task_list</name>
         <value>0x2dd6</value>
      </symbol>
      <symbol id="sm-886">
         <name>idle_task</name>
         <value>0x2ebe</value>
      </symbol>
      <symbol id="sm-887">
         <name>Task_Remove</name>
         <value>0x1171a</value>
         <object_component_ref idref="oc-8d1"/>
      </symbol>
      <symbol id="sm-888">
         <name>SystemTick</name>
         <value>0x10f66</value>
         <object_component_ref idref="oc-4bc"/>
      </symbol>
      <symbol id="sm-889">
         <name>Task_Schedule</name>
         <value>0x1223a</value>
         <object_component_ref idref="oc-566"/>
      </symbol>
      <symbol id="sm-88a">
         <name>Task_Init</name>
         <value>0x11a9a</value>
         <object_component_ref idref="oc-49d"/>
      </symbol>
      <symbol id="sm-8a8">
         <name>Terminal_ShowCursor</name>
         <value>0x12abc</value>
         <object_component_ref idref="oc-85a"/>
      </symbol>
      <symbol id="sm-8a9">
         <name>Terminal_HideCursor</name>
         <value>0x12aa0</value>
         <object_component_ref idref="oc-848"/>
      </symbol>
      <symbol id="sm-8aa">
         <name>Terminal_CharXY</name>
         <value>0x126fe</value>
         <object_component_ref idref="oc-775"/>
      </symbol>
      <symbol id="sm-8eb">
         <name>time_ms</name>
         <value>0x2ec6</value>
      </symbol>
      <symbol id="sm-8ec">
         <name>rollover_time</name>
         <value>0x2ec2</value>
      </symbol>
      <symbol id="sm-8ed">
         <name>DelayMs</name>
         <value>0x128ea</value>
         <object_component_ref idref="oc-764"/>
      </symbol>
      <symbol id="sm-8ee">
         <name>TimeNow</name>
         <value>0x12d2c</value>
         <object_component_ref idref="oc-5c8"/>
      </symbol>
      <symbol id="sm-8ef">
         <name>__TI_int53</name>
         <value>0xffea</value>
         <object_component_ref idref="oc-85"/>
      </symbol>
      <symbol id="sm-8f0">
         <name>Timing_Init</name>
         <value>0x12a64</value>
         <object_component_ref idref="oc-536"/>
      </symbol>
      <symbol id="sm-8f1">
         <name>Timing_Roll</name>
         <value>0x12ca8</value>
         <object_component_ref idref="oc-63a"/>
      </symbol>
      <symbol id="sm-8f2">
         <name>TimeSince</name>
         <value>0x1248a</value>
         <object_component_ref idref="oc-82d"/>
      </symbol>
      <symbol id="sm-8f3">
         <name>hal_Timing_Init</name>
         <value>0x12b5a</value>
         <object_component_ref idref="oc-61b"/>
      </symbol>
      <symbol id="sm-8f4">
         <name>TIMER0_A0_ISR</name>
         <value>0x4434</value>
         <object_component_ref idref="oc-3a4"/>
      </symbol>
      <symbol id="sm-975">
         <name>rx1</name>
         <value>0x2e4a</value>
      </symbol>
      <symbol id="sm-976">
         <name>tx1</name>
         <value>0x2e66</value>
      </symbol>
      <symbol id="sm-977">
         <name>tx_buffer_array1</name>
         <value>0x2d16</value>
      </symbol>
      <symbol id="sm-978">
         <name>rx_buffer_array1</name>
         <value>0x2e2a</value>
      </symbol>
      <symbol id="sm-979">
         <name>receiverList1</name>
         <value>0x2eaa</value>
      </symbol>
      <symbol id="sm-97a">
         <name>receiver_array1</name>
         <value>0x2eb2</value>
      </symbol>
      <symbol id="sm-97b">
         <name>uart</name>
         <value>0x2e06</value>
      </symbol>
      <symbol id="sm-97c">
         <name>rx_flags</name>
         <value>0x2ece</value>
      </symbol>
      <symbol id="sm-97d">
         <name>error_flags</name>
         <value>0x2ecc</value>
      </symbol>
      <symbol id="sm-97e">
         <name>UART_Rx_Handler</name>
         <value>0x124c8</value>
         <object_component_ref idref="oc-3f8"/>
      </symbol>
      <symbol id="sm-97f">
         <name>UART_Tx_Handler</name>
         <value>0x12154</value>
         <object_component_ref idref="oc-404"/>
      </symbol>
      <symbol id="sm-980">
         <name>UART_printf</name>
         <value>0x12730</value>
         <object_component_ref idref="oc-4b6"/>
      </symbol>
      <symbol id="sm-981">
         <name>UART_WriteByte</name>
         <value>0x128c0</value>
         <object_component_ref idref="oc-929"/>
      </symbol>
      <symbol id="sm-982">
         <name>UART_RegisterReceiver</name>
         <value>0x1230c</value>
         <object_component_ref idref="oc-78f"/>
      </symbol>
      <symbol id="sm-983">
         <name>UART_IsTransmitting</name>
         <value>0x12a82</value>
         <object_component_ref idref="oc-834"/>
      </symbol>
      <symbol id="sm-984">
         <name>UART_vprintf</name>
         <value>0x12790</value>
         <object_component_ref idref="oc-7b9"/>
      </symbol>
      <symbol id="sm-985">
         <name>UART_Tick</name>
         <value>0x1080e</value>
         <object_component_ref idref="oc-56e"/>
      </symbol>
      <symbol id="sm-986">
         <name>UART_UnregisterReceiver</name>
         <value>0x11562</value>
         <object_component_ref idref="oc-911"/>
      </symbol>
      <symbol id="sm-987">
         <name>UART_Init</name>
         <value>0x11428</value>
         <object_component_ref idref="oc-4a3"/>
      </symbol>
      <symbol id="sm-993">
         <name>__mspabi_remi</name>
         <value>0x12816</value>
         <object_component_ref idref="oc-86d"/>
      </symbol>
      <symbol id="sm-994">
         <name>__mspabi_divi</name>
         <value>0x12816</value>
         <object_component_ref idref="oc-86d"/>
      </symbol>
      <symbol id="sm-99e">
         <name>__mspabi_remu</name>
         <value>0x12c7c</value>
         <object_component_ref idref="oc-7a0"/>
      </symbol>
      <symbol id="sm-99f">
         <name>__mspabi_divu</name>
         <value>0x12c7c</value>
         <object_component_ref idref="oc-7a0"/>
      </symbol>
      <symbol id="sm-9ae">
         <name>__mspabi_remul</name>
         <value>0x11e6a</value>
         <object_component_ref idref="oc-64f"/>
      </symbol>
      <symbol id="sm-9af">
         <name>__mspabi_divul</name>
         <value>0x11e6a</value>
         <object_component_ref idref="oc-64f"/>
      </symbol>
      <symbol id="sm-9c6">
         <name>__mspabi_mpyf</name>
         <value>0x1101e</value>
         <object_component_ref idref="oc-809"/>
      </symbol>
      <symbol id="sm-9d8">
         <name>__mspabi_fixfi</name>
         <value>0x11b0a</value>
         <object_component_ref idref="oc-804"/>
      </symbol>
      <symbol id="sm-9eb">
         <name>__mspabi_fixfli</name>
         <value>0x118b2</value>
         <object_component_ref idref="oc-80e"/>
      </symbol>
      <symbol id="sm-9ee">
         <name>__TI_int41</name>
         <value>0xffd2</value>
         <object_component_ref idref="oc-79"/>
      </symbol>
      <symbol id="sm-9f1">
         <name>__TI_int42</name>
         <value>0xffd4</value>
         <object_component_ref idref="oc-7a"/>
      </symbol>
      <symbol id="sm-9f4">
         <name>__TI_int43</name>
         <value>0xffd6</value>
         <object_component_ref idref="oc-7b"/>
      </symbol>
      <symbol id="sm-9f7">
         <name>__TI_int44</name>
         <value>0xffd8</value>
         <object_component_ref idref="oc-7c"/>
      </symbol>
      <symbol id="sm-9fa">
         <name>__TI_int45</name>
         <value>0xffda</value>
         <object_component_ref idref="oc-7d"/>
      </symbol>
      <symbol id="sm-9fd">
         <name>__TI_int47</name>
         <value>0xffde</value>
         <object_component_ref idref="oc-7f"/>
      </symbol>
      <symbol id="sm-a00">
         <name>__TI_int48</name>
         <value>0xffe0</value>
         <object_component_ref idref="oc-80"/>
      </symbol>
      <symbol id="sm-a03">
         <name>__TI_int49</name>
         <value>0xffe2</value>
         <object_component_ref idref="oc-81"/>
      </symbol>
      <symbol id="sm-a06">
         <name>__TI_int50</name>
         <value>0xffe4</value>
         <object_component_ref idref="oc-82"/>
      </symbol>
      <symbol id="sm-a09">
         <name>__TI_int51</name>
         <value>0xffe6</value>
         <object_component_ref idref="oc-83"/>
      </symbol>
      <symbol id="sm-a0c">
         <name>__TI_int52</name>
         <value>0xffe8</value>
         <object_component_ref idref="oc-84"/>
      </symbol>
      <symbol id="sm-a0f">
         <name>__TI_int54</name>
         <value>0xffec</value>
         <object_component_ref idref="oc-86"/>
      </symbol>
      <symbol id="sm-a12">
         <name>__TI_int55</name>
         <value>0xffee</value>
         <object_component_ref idref="oc-87"/>
      </symbol>
      <symbol id="sm-a15">
         <name>__TI_int56</name>
         <value>0xfff0</value>
         <object_component_ref idref="oc-88"/>
      </symbol>
      <symbol id="sm-a18">
         <name>__TI_int57</name>
         <value>0xfff2</value>
         <object_component_ref idref="oc-89"/>
      </symbol>
      <symbol id="sm-a1b">
         <name>__TI_int58</name>
         <value>0xfff4</value>
         <object_component_ref idref="oc-8a"/>
      </symbol>
      <symbol id="sm-a1e">
         <name>__TI_int59</name>
         <value>0xfff6</value>
         <object_component_ref idref="oc-8b"/>
      </symbol>
      <symbol id="sm-a21">
         <name>__TI_int60</name>
         <value>0xfff8</value>
         <object_component_ref idref="oc-8c"/>
      </symbol>
      <symbol id="sm-a24">
         <name>__TI_int61</name>
         <value>0xfffa</value>
         <object_component_ref idref="oc-8d"/>
      </symbol>
      <symbol id="sm-a27">
         <name>__TI_int62</name>
         <value>0xfffc</value>
         <object_component_ref idref="oc-8e"/>
      </symbol>
      <symbol id="sm-a2f">
         <name>__TI_ISR_TRAP</name>
         <value>0x4442</value>
         <object_component_ref idref="oc-399"/>
      </symbol>
      <symbol id="sm-a38">
         <name>__mspabi_slli</name>
         <value>0x12d36</value>
         <object_component_ref idref="oc-456"/>
      </symbol>
      <symbol id="sm-a40">
         <name>__mspabi_srll_8</name>
         <value>0x12560</value>
         <object_component_ref idref="oc-654"/>
      </symbol>
      <symbol id="sm-a41">
         <name>__mspabi_srll_9</name>
         <value>0x1255c</value>
         <object_component_ref idref="oc-654"/>
      </symbol>
      <symbol id="sm-a42">
         <name>__mspabi_srll_6</name>
         <value>0x12568</value>
         <object_component_ref idref="oc-654"/>
      </symbol>
      <symbol id="sm-a43">
         <name>__mspabi_srll_7</name>
         <value>0x12564</value>
         <object_component_ref idref="oc-654"/>
      </symbol>
      <symbol id="sm-a44">
         <name>__mspabi_srll_4</name>
         <value>0x12570</value>
         <object_component_ref idref="oc-654"/>
      </symbol>
      <symbol id="sm-a45">
         <name>__mspabi_srll_5</name>
         <value>0x1256c</value>
         <object_component_ref idref="oc-654"/>
      </symbol>
      <symbol id="sm-a46">
         <name>__mspabi_srll_2</name>
         <value>0x12578</value>
         <object_component_ref idref="oc-654"/>
      </symbol>
      <symbol id="sm-a47">
         <name>__mspabi_srll_3</name>
         <value>0x12574</value>
         <object_component_ref idref="oc-654"/>
      </symbol>
      <symbol id="sm-a48">
         <name>__mspabi_srll_1</name>
         <value>0x1257c</value>
         <object_component_ref idref="oc-654"/>
      </symbol>
      <symbol id="sm-a49">
         <name>__mspabi_srll_15</name>
         <value>0x12544</value>
         <object_component_ref idref="oc-654"/>
      </symbol>
      <symbol id="sm-a4a">
         <name>__mspabi_srll_14</name>
         <value>0x12548</value>
         <object_component_ref idref="oc-654"/>
      </symbol>
      <symbol id="sm-a4b">
         <name>__mspabi_srll_13</name>
         <value>0x1254c</value>
         <object_component_ref idref="oc-654"/>
      </symbol>
      <symbol id="sm-a4c">
         <name>__mspabi_srll_12</name>
         <value>0x12550</value>
         <object_component_ref idref="oc-654"/>
      </symbol>
      <symbol id="sm-a4d">
         <name>__mspabi_srll_11</name>
         <value>0x12554</value>
         <object_component_ref idref="oc-654"/>
      </symbol>
      <symbol id="sm-a4e">
         <name>__mspabi_srll_10</name>
         <value>0x12558</value>
         <object_component_ref idref="oc-654"/>
      </symbol>
      <symbol id="sm-a57">
         <name>__mspabi_mpyi_f5hw</name>
         <value>0x12b72</value>
         <object_component_ref idref="oc-442"/>
      </symbol>
      <symbol id="sm-a61">
         <name>__mspabi_mpyl_f5hw</name>
         <value>0x1297e</value>
         <object_component_ref idref="oc-8c4"/>
      </symbol>
      <symbol id="sm-a73">
         <name>_stack</name>
         <value>0x4360</value>
         <object_component_ref idref="oc-37d"/>
      </symbol>
      <symbol id="sm-a74">
         <name>_c_int00_noargs</name>
         <value>0x4400</value>
         <object_component_ref idref="oc-3bc"/>
      </symbol>
      <symbol id="sm-a75">
         <name>_reset_vector</name>
         <value>0xfffe</value>
         <object_component_ref idref="oc-380"/>
      </symbol>
      <symbol id="sm-a98">
         <name>__TI_auto_init_nobinit_nopinit_hold_wdt</name>
         <value>0x11fc2</value>
         <object_component_ref idref="oc-4e7"/>
      </symbol>
      <symbol id="sm-aab">
         <name>__TI_zero_init</name>
         <value>0x12936</value>
         <object_component_ref idref="oc-3b0"/>
      </symbol>
      <symbol id="sm-ab6">
         <name>_system_pre_init</name>
         <value>0x12d7e</value>
         <object_component_ref idref="oc-417"/>
      </symbol>
      <symbol id="sm-abf">
         <name>_system_post_cinit</name>
         <value>0x12d86</value>
         <object_component_ref idref="oc-5f3"/>
      </symbol>
      <symbol id="sm-ad0">
         <name>__TI_decompress_none</name>
         <value>0x12cd0</value>
         <object_component_ref idref="oc-73"/>
      </symbol>
      <symbol id="sm-af3">
         <name>__TI_decompress_lzss</name>
         <value>0x11a24</value>
         <object_component_ref idref="oc-6d"/>
      </symbol>
      <symbol id="sm-b06">
         <name>__mspabi_cvtdf</name>
         <value>0x117a6</value>
         <object_component_ref idref="oc-6fb"/>
      </symbol>
      <symbol id="sm-b10">
         <name>C$$EXIT</name>
         <value>0x12d70</value>
         <object_component_ref idref="oc-4c3"/>
      </symbol>
      <symbol id="sm-b11">
         <name>abort</name>
         <value>0x12d70</value>
         <object_component_ref idref="oc-4c3"/>
      </symbol>
      <symbol id="sm-b27">
         <name>_nop</name>
         <value>0x12d84</value>
         <object_component_ref idref="oc-72a"/>
      </symbol>
      <symbol id="sm-b28">
         <name>_lock</name>
         <value>0x2ee4</value>
         <object_component_ref idref="oc-5e5"/>
      </symbol>
      <symbol id="sm-b29">
         <name>_unlock</name>
         <value>0x2ee8</value>
         <object_component_ref idref="oc-5ee"/>
      </symbol>
      <symbol id="sm-b38">
         <name>memcpy</name>
         <value>0x12cbc</value>
         <object_component_ref idref="oc-38c"/>
      </symbol>
      <symbol id="sm-b51">
         <name>rand</name>
         <value>0x12390</value>
         <object_component_ref idref="oc-867"/>
      </symbol>
      <symbol id="sm-b52">
         <name>srand</name>
         <value>0x12c92</value>
         <object_component_ref idref="oc-861"/>
      </symbol>
      <symbol id="sm-b60">
         <name>strcasecmp</name>
         <value>0x1262e</value>
         <object_component_ref idref="oc-6c3"/>
      </symbol>
      <symbol id="sm-b6e">
         <name>tolower</name>
         <value>0x12ce2</value>
         <object_component_ref idref="oc-7ef"/>
      </symbol>
      <symbol id="sm-b76">
         <name>__mspabi_slll_9</name>
         <value>0x1251e</value>
         <object_component_ref idref="oc-7fd"/>
      </symbol>
      <symbol id="sm-b77">
         <name>__mspabi_slll_8</name>
         <value>0x12522</value>
         <object_component_ref idref="oc-7fd"/>
      </symbol>
      <symbol id="sm-b78">
         <name>__mspabi_slll_7</name>
         <value>0x12526</value>
         <object_component_ref idref="oc-7fd"/>
      </symbol>
      <symbol id="sm-b79">
         <name>__mspabi_slll_6</name>
         <value>0x1252a</value>
         <object_component_ref idref="oc-7fd"/>
      </symbol>
      <symbol id="sm-b7a">
         <name>__mspabi_slll_5</name>
         <value>0x1252e</value>
         <object_component_ref idref="oc-7fd"/>
      </symbol>
      <symbol id="sm-b7b">
         <name>__mspabi_slll_4</name>
         <value>0x12532</value>
         <object_component_ref idref="oc-7fd"/>
      </symbol>
      <symbol id="sm-b7c">
         <name>__mspabi_slll_3</name>
         <value>0x12536</value>
         <object_component_ref idref="oc-7fd"/>
      </symbol>
      <symbol id="sm-b7d">
         <name>__mspabi_slll_2</name>
         <value>0x1253a</value>
         <object_component_ref idref="oc-7fd"/>
      </symbol>
      <symbol id="sm-b7e">
         <name>__mspabi_slll_1</name>
         <value>0x1253e</value>
         <object_component_ref idref="oc-7fd"/>
      </symbol>
      <symbol id="sm-b7f">
         <name>__mspabi_slll_15</name>
         <value>0x12506</value>
         <object_component_ref idref="oc-7fd"/>
      </symbol>
      <symbol id="sm-b80">
         <name>__mspabi_slll_14</name>
         <value>0x1250a</value>
         <object_component_ref idref="oc-7fd"/>
      </symbol>
      <symbol id="sm-b81">
         <name>__mspabi_slll_13</name>
         <value>0x1250e</value>
         <object_component_ref idref="oc-7fd"/>
      </symbol>
      <symbol id="sm-b82">
         <name>__mspabi_slll_12</name>
         <value>0x12512</value>
         <object_component_ref idref="oc-7fd"/>
      </symbol>
      <symbol id="sm-b83">
         <name>__mspabi_slll_11</name>
         <value>0x12516</value>
         <object_component_ref idref="oc-7fd"/>
      </symbol>
      <symbol id="sm-b84">
         <name>__mspabi_slll_10</name>
         <value>0x1251a</value>
         <object_component_ref idref="oc-7fd"/>
      </symbol>
      <symbol id="sm-b90">
         <name>_ctypes_</name>
         <value>0x4560</value>
         <object_component_ref idref="oc-89d"/>
      </symbol>
      <symbol id="sm-b92">
         <name>UART_ReconfigureBaud</name>
         <value>0x10254</value>
      </symbol>
   </symbol_table>
   <title>Link successful</title>
</link_info>
